Using pre-set license
Built from '6000.0/staging' branch; Version is '6000.0.41f1 (46e447368a18) revision 4645959'; Using compiler version '193933523'; Build Type 'Release'
OS: 'Windows 11  (10.0.22631) 64bit Professional' Language: 'ja' Physical Memory: 32440 MB
BatchMode: 1, IsHumanControllingUs: 0, StartBugReporterOnCrash: 0, Is64bit: 1, IsPro: 1

COMMAND LINE ARGUMENTS:
C:\Program Files\Unity\Hub\Editor\6000.0.41f1\Editor\Unity.exe
-adb2
-batchMode
-noUpm
-name
AssetImportWorker0
-projectPath
C:/Users/ktc/Desktop/新しいフォルダー/SpaceShooting
-logFile
Logs/AssetImportWorker0.log
-srvPort
54977
-job-worker-count
7
-background-job-worker-count
8
-gc-helper-count
1
Successfully changed project path to: C:/Users/ktc/Desktop/新しいフォルダー/SpaceShooting
C:/Users/ktc/Desktop/新しいフォルダー/SpaceShooting
[UnityMemory] Configuration Parameters - Can be set up in boot.config
    "memorysetup-bucket-allocator-granularity=16"
    "memorysetup-bucket-allocator-bucket-count=8"
    "memorysetup-bucket-allocator-block-size=33554432"
    "memorysetup-bucket-allocator-block-count=8"
    "memorysetup-main-allocator-block-size=16777216"
    "memorysetup-thread-allocator-block-size=16777216"
    "memorysetup-gfx-main-allocator-block-size=16777216"
    "memorysetup-gfx-thread-allocator-block-size=16777216"
    "memorysetup-cache-allocator-block-size=4194304"
    "memorysetup-typetree-allocator-block-size=2097152"
    "memorysetup-profiler-bucket-allocator-granularity=16"
    "memorysetup-profiler-bucket-allocator-bucket-count=8"
    "memorysetup-profiler-bucket-allocator-block-size=33554432"
    "memorysetup-profiler-bucket-allocator-block-count=8"
    "memorysetup-profiler-allocator-block-size=16777216"
    "memorysetup-profiler-editor-allocator-block-size=1048576"
    "memorysetup-temp-allocator-size-main=16777216"
    "memorysetup-job-temp-allocator-block-size=2097152"
    "memorysetup-job-temp-allocator-block-size-background=1048576"
    "memorysetup-job-temp-allocator-reduction-small-platforms=262144"
    "memorysetup-allocator-temp-initial-block-size-main=262144"
    "memorysetup-allocator-temp-initial-block-size-worker=262144"
    "memorysetup-temp-allocator-size-background-worker=32768"
    "memorysetup-temp-allocator-size-job-worker=262144"
    "memorysetup-temp-allocator-size-preload-manager=33554432"
    "memorysetup-temp-allocator-size-nav-mesh-worker=65536"
    "memorysetup-temp-allocator-size-audio-worker=65536"
    "memorysetup-temp-allocator-size-cloud-worker=32768"
    "memorysetup-temp-allocator-size-gi-baking-worker=262144"
    "memorysetup-temp-allocator-size-gi-baking-worker=262144"
    "memorysetup-temp-allocator-size-gi-baking-worker=262144"
    "memorysetup-temp-allocator-size-gi-baking-worker=262144"
    "memorysetup-temp-allocator-size-gi-baking-worker=262144"
    "memorysetup-temp-allocator-size-gfx=262144"
Player connection [29644]  Target information:

Player connection [29644]  * "[IP] 172.22.90.104 [Port] 0 [Flags] 2 [Guid] 2239491519 [EditorId] 2239491519 [Version] 1048832 [Id] WindowsEditor(7,604-19) [Debug] 1 [PackageName] WindowsEditor [ProjectName] Editor" 

Player connection [29644]  * "[IP] 172.18.176.1 [Port] 0 [Flags] 2 [Guid] 2239491519 [EditorId] 2239491519 [Version] 1048832 [Id] WindowsEditor(7,604-19) [Debug] 1 [PackageName] WindowsEditor [ProjectName] Editor" 

Player connection [29644]  * "[IP] 192.168.217.1 [Port] 0 [Flags] 2 [Guid] 2239491519 [EditorId] 2239491519 [Version] 1048832 [Id] WindowsEditor(7,604-19) [Debug] 1 [PackageName] WindowsEditor [ProjectName] Editor" 

Player connection [29644]  * "[IP] 192.168.172.1 [Port] 0 [Flags] 2 [Guid] 2239491519 [EditorId] 2239491519 [Version] 1048832 [Id] WindowsEditor(7,604-19) [Debug] 1 [PackageName] WindowsEditor [ProjectName] Editor" 

Player connection [29644]  * "[IP] 192.168.56.1 [Port] 0 [Flags] 2 [Guid] 2239491519 [EditorId] 2239491519 [Version] 1048832 [Id] WindowsEditor(7,604-19) [Debug] 1 [PackageName] WindowsEditor [ProjectName] Editor" 

Player connection [29644] Host joined multi-casting on [225.0.0.222:54997]...
Player connection [29644] Host joined alternative multi-casting on [225.0.0.222:34997]...
JobSystem: Creating JobQueue using job-worker-count value 7
Input System module state changed to: Initialized.
[Physics::Module] Initialized fallback backend.
[Physics::Module] Id: 0xdecafbad
Library Redirect Path: Library/
[Physics::Module] Selected backend.
[Physics::Module] Name: PhysX
[Physics::Module] Id: 0xf2b8ea05
[Physics::Module] SDK Version: 4.1.2
[Physics::Module] Integration Version: 1.0.0
[Physics::Module] Threading Mode: Multi-Threaded
Refreshing native plugins compatible for Editor in 2.63 ms, found 4 plugins.
Preloading 0 native plugins for Editor in 0.00 ms.
Initialize engine version: 6000.0.41f1 (46e447368a18)
[Subsystems] Discovering subsystems at path C:/Program Files/Unity/Hub/Editor/6000.0.41f1/Editor/Data/Resources/UnitySubsystems
[Subsystems] Discovering subsystems at path C:/Users/ktc/Desktop/新しいフォルダー/SpaceShooting/Assets
GfxDevice: creating device client; kGfxThreadingModeNonThreaded
Direct3D:
    Version:  Direct3D 11.0 [level 11.1]
    Renderer: NVIDIA GeForce RTX 3070 (ID=0x2484)
    Vendor:   NVIDIA
    VRAM:     8018 MB
    Driver:   32.0.15.6624
Initialize mono
Mono path[0] = 'C:/Program Files/Unity/Hub/Editor/6000.0.41f1/Editor/Data/Managed'
Mono path[1] = 'C:/Program Files/Unity/Hub/Editor/6000.0.41f1/Editor/Data/MonoBleedingEdge/lib/mono/unityjit-win32'
Mono config path = 'C:/Program Files/Unity/Hub/Editor/6000.0.41f1/Editor/Data/MonoBleedingEdge/etc'
Using monoOptions --debugger-agent=transport=dt_socket,embedding=1,server=y,suspend=n,address=127.0.0.1:56396
Begin MonoManager ReloadAssembly
Registering precompiled unity dll's ...
Register platform support module: C:/Program Files/Unity/Hub/Editor/6000.0.41f1/Editor/Data/PlaybackEngines/WebGLSupport/UnityEditor.WebGL.Extensions.dll
Register platform support module: C:/Program Files/Unity/Hub/Editor/6000.0.41f1/Editor/Data/PlaybackEngines/WindowsStandaloneSupport/UnityEditor.WindowsStandalone.Extensions.dll
Register platform support module: C:/Program Files/Unity/Hub/Editor/6000.0.41f1/Editor/Data/PlaybackEngines/AndroidPlayer/UnityEditor.Android.Extensions.dll
Register platform support module: C:/Program Files/Unity/Hub/Editor/6000.0.41f1/Editor/Data/PlaybackEngines/iOSSupport/UnityEditor.iOS.Extensions.dll
Registered in 0.005599 seconds.
- Loaded All Assemblies, in  0.584 seconds
[usbmuxd] Start listen thread
[usbmuxd] Listen thread started
Native extension for iOS target not found
Native extension for Android target not found
Android Extension - Scanning For ADB Devices 267 ms
Native extension for WindowsStandalone target not found
Native extension for WebGL target not found
Mono: successfully reloaded assembly
- Finished resetting the current domain, in  0.726 seconds
Domain Reload Profiling: 1309ms
	BeginReloadAssembly (202ms)
		ExecutionOrderSort (0ms)
		DisableScriptedObjects (0ms)
		BackupInstance (0ms)
		ReleaseScriptingObjects (0ms)
		CreateAndSetChildDomain (1ms)
	RebuildCommonClasses (55ms)
	RebuildNativeTypeToScriptingClass (15ms)
	initialDomainReloadingComplete (55ms)
	LoadAllAssembliesAndSetupDomain (254ms)
		LoadAssemblies (199ms)
		RebuildTransferFunctionScriptingTraits (0ms)
		AnalyzeDomain (250ms)
			TypeCache.Refresh (248ms)
				TypeCache.ScanAssembly (230ms)
			BuildScriptInfoCaches (0ms)
			ResolveRequiredComponents (1ms)
	FinalizeReload (727ms)
		ReleaseScriptCaches (0ms)
		RebuildScriptCaches (0ms)
		SetupLoadedEditorAssemblies (655ms)
			LogAssemblyErrors (0ms)
			InitializePlatformSupportModulesInManaged (381ms)
			SetLoadedEditorAssemblies (4ms)
			BeforeProcessingInitializeOnLoad (56ms)
			ProcessInitializeOnLoadAttributes (144ms)
			ProcessInitializeOnLoadMethodAttributes (70ms)
			AfterProcessingInitializeOnLoad (0ms)
			EditorAssembliesLoaded (0ms)
		ExecutionOrderSort2 (0ms)
		AwakeInstancesAfterBackupRestoration (0ms)
========================================================================
Worker process is ready to serve import requests
Import Worker Mode flag is 0x00
Begin MonoManager ReloadAssembly
- Loaded All Assemblies, in  1.242 seconds
Refreshing native plugins compatible for Editor in 1.53 ms, found 4 plugins.
Native extension for iOS target not found
Native extension for Android target not found
Native extension for WindowsStandalone target not found
Native extension for WebGL target not found
Mono: successfully reloaded assembly
- Finished resetting the current domain, in  0.949 seconds
Domain Reload Profiling: 2186ms
	BeginReloadAssembly (185ms)
		ExecutionOrderSort (0ms)
		DisableScriptedObjects (6ms)
		BackupInstance (0ms)
		ReleaseScriptingObjects (0ms)
		CreateAndSetChildDomain (32ms)
	RebuildCommonClasses (36ms)
	RebuildNativeTypeToScriptingClass (12ms)
	initialDomainReloadingComplete (45ms)
	LoadAllAssembliesAndSetupDomain (958ms)
		LoadAssemblies (541ms)
		RebuildTransferFunctionScriptingTraits (0ms)
		AnalyzeDomain (527ms)
			TypeCache.Refresh (410ms)
				TypeCache.ScanAssembly (382ms)
			BuildScriptInfoCaches (100ms)
			ResolveRequiredComponents (13ms)
	FinalizeReload (950ms)
		ReleaseScriptCaches (0ms)
		RebuildScriptCaches (0ms)
		SetupLoadedEditorAssemblies (753ms)
			LogAssemblyErrors (0ms)
			InitializePlatformSupportModulesInManaged (23ms)
			SetLoadedEditorAssemblies (7ms)
			BeforeProcessingInitializeOnLoad (129ms)
			ProcessInitializeOnLoadAttributes (446ms)
			ProcessInitializeOnLoadMethodAttributes (144ms)
			AfterProcessingInitializeOnLoad (4ms)
			EditorAssembliesLoaded (0ms)
		ExecutionOrderSort2 (0ms)
		AwakeInstancesAfterBackupRestoration (7ms)
Launched and connected shader compiler UnityShaderCompiler.exe after 0.01 seconds
Refreshing native plugins compatible for Editor in 1.53 ms, found 4 plugins.
Preloading 0 native plugins for Editor in 0.00 ms.
Unloading 219 Unused Serialized files (Serialized files now loaded: 0)
Unloading 7620 unused Assets / (4.6 MB). Loaded Objects now: 8339.
Memory consumption went from 186.9 MB to 182.3 MB.
Total: 10.237700 ms (FindLiveObjects: 0.877000 ms CreateObjectMapping: 0.853800 ms MarkObjects: 5.708300 ms  DeleteObjects: 2.797100 ms)

========================================================================
Received Import Request.
  Time since last request: 545.857371 seconds.
  path: Assets/DefaultVolumeProfile.asset
  artifactKey: Guid(3f9215ea0144899419cfbc0957140d3f) Importer(815301076,1909f56bfc062723c751e8b465ee728b)
Start importing Assets/DefaultVolumeProfile.asset using Guid(3f9215ea0144899419cfbc0957140d3f) Importer(815301076,1909f56bfc062723c751e8b465ee728b) (PreviewImporter) -> (artifact id: '65636432c56742a06922c04c04ec00a3') in 0.0225563 seconds
Number of updated asset objects reloaded before import = 0Number of asset objects unloaded after import = 0

========================================================================
Received Import Request.
  Time since last request: 2.236617 seconds.
  path: Assets/Scenes/GameScene.unity
  artifactKey: Guid(8c9cfa26abfee488c85f1582747f6a02) Importer(815301076,1909f56bfc062723c751e8b465ee728b)
Start importing Assets/Scenes/GameScene.unity using Guid(8c9cfa26abfee488c85f1582747f6a02) Importer(815301076,1909f56bfc062723c751e8b465ee728b) (PreviewImporter) -> (artifact id: '6f1da893d0818a54cb6ca83459066cf6') in 0.0006121 seconds
Number of updated asset objects reloaded before import = 0Number of asset objects unloaded after import = 0

========================================================================
Received Prepare
Begin MonoManager ReloadAssembly
- Loaded All Assemblies, in  0.764 seconds
Refreshing native plugins compatible for Editor in 1.43 ms, found 4 plugins.
Native extension for iOS target not found
Native extension for Android target not found
Native extension for WindowsStandalone target not found
Native extension for WebGL target not found
Mono: successfully reloaded assembly
- Finished resetting the current domain, in  0.837 seconds
Domain Reload Profiling: 1599ms
	BeginReloadAssembly (224ms)
		ExecutionOrderSort (0ms)
		DisableScriptedObjects (13ms)
		BackupInstance (0ms)
		ReleaseScriptingObjects (0ms)
		CreateAndSetChildDomain (63ms)
	RebuildCommonClasses (32ms)
	RebuildNativeTypeToScriptingClass (12ms)
	initialDomainReloadingComplete (24ms)
	LoadAllAssembliesAndSetupDomain (470ms)
		LoadAssemblies (349ms)
		RebuildTransferFunctionScriptingTraits (0ms)
		AnalyzeDomain (218ms)
			TypeCache.Refresh (7ms)
				TypeCache.ScanAssembly (0ms)
			BuildScriptInfoCaches (189ms)
			ResolveRequiredComponents (16ms)
	FinalizeReload (837ms)
		ReleaseScriptCaches (0ms)
		RebuildScriptCaches (0ms)
		SetupLoadedEditorAssemblies (611ms)
			LogAssemblyErrors (0ms)
			InitializePlatformSupportModulesInManaged (18ms)
			SetLoadedEditorAssemblies (7ms)
			BeforeProcessingInitializeOnLoad (117ms)
			ProcessInitializeOnLoadAttributes (384ms)
			ProcessInitializeOnLoadMethodAttributes (81ms)
			AfterProcessingInitializeOnLoad (4ms)
			EditorAssembliesLoaded (0ms)
		ExecutionOrderSort2 (0ms)
		AwakeInstancesAfterBackupRestoration (20ms)
Refreshing native plugins compatible for Editor in 1.42 ms, found 4 plugins.
Preloading 0 native plugins for Editor in 0.00 ms.
Unloading 13 Unused Serialized files (Serialized files now loaded: 0)
Unloading 7618 unused Assets / (4.6 MB). Loaded Objects now: 8348.
Memory consumption went from 156.3 MB to 151.7 MB.
Total: 9.725100 ms (FindLiveObjects: 0.822600 ms CreateObjectMapping: 0.877700 ms MarkObjects: 4.984300 ms  DeleteObjects: 3.039200 ms)

Prepare: number of updated asset objects reloaded= 0
========================================================================
Received Import Request.
  Time since last request: 73.636618 seconds.
  path: Assets/Scripts/Fighter
  artifactKey: Guid(6b5ca3930606b3442876a644d806333b) Importer(815301076,1909f56bfc062723c751e8b465ee728b)
Start importing Assets/Scripts/Fighter using Guid(6b5ca3930606b3442876a644d806333b) Importer(815301076,1909f56bfc062723c751e8b465ee728b) (PreviewImporter) -> (artifact id: '244381d9c1bfdd9042832eaf3935e17e') in 0.0069381 seconds
Number of updated asset objects reloaded before import = 0Number of asset objects unloaded after import = 0

========================================================================
Received Import Request.
  Time since last request: 2.829001 seconds.
  path: Assets/Scripts/Fighter/FighterStatus.cs
  artifactKey: Guid(6c5cf0f4b063de045b28e3fd4fcc7bf4) Importer(815301076,1909f56bfc062723c751e8b465ee728b)
Start importing Assets/Scripts/Fighter/FighterStatus.cs using Guid(6c5cf0f4b063de045b28e3fd4fcc7bf4) Importer(815301076,1909f56bfc062723c751e8b465ee728b) (PreviewImporter) -> (artifact id: '0061ef8b66961efc03fd13e575117ef2') in 0.0006602 seconds
Number of updated asset objects reloaded before import = 0Number of asset objects unloaded after import = 0

========================================================================
Received Prepare
Refreshing native plugins compatible for Editor in 1.50 ms, found 4 plugins.
Preloading 0 native plugins for Editor in 0.00 ms.
Unloading 13 Unused Serialized files (Serialized files now loaded: 0)
Unloading 7607 unused Assets / (4.5 MB). Loaded Objects now: 8348.
Memory consumption went from 156.4 MB to 151.9 MB.
Total: 11.952800 ms (FindLiveObjects: 0.868200 ms CreateObjectMapping: 1.114000 ms MarkObjects: 6.812500 ms  DeleteObjects: 3.156500 ms)

Prepare: number of updated asset objects reloaded= 0
========================================================================
Received Prepare
Begin MonoManager ReloadAssembly
- Loaded All Assemblies, in  0.795 seconds
Refreshing native plugins compatible for Editor in 1.63 ms, found 4 plugins.
Native extension for iOS target not found
Native extension for Android target not found
Native extension for WindowsStandalone target not found
Native extension for WebGL target not found
Mono: successfully reloaded assembly
- Finished resetting the current domain, in  0.736 seconds
Domain Reload Profiling: 1532ms
	BeginReloadAssembly (226ms)
		ExecutionOrderSort (0ms)
		DisableScriptedObjects (14ms)
		BackupInstance (0ms)
		ReleaseScriptingObjects (0ms)
		CreateAndSetChildDomain (64ms)
	RebuildCommonClasses (38ms)
	RebuildNativeTypeToScriptingClass (12ms)
	initialDomainReloadingComplete (25ms)
	LoadAllAssembliesAndSetupDomain (495ms)
		LoadAssemblies (367ms)
		RebuildTransferFunctionScriptingTraits (0ms)
		AnalyzeDomain (222ms)
			TypeCache.Refresh (10ms)
				TypeCache.ScanAssembly (1ms)
			BuildScriptInfoCaches (195ms)
			ResolveRequiredComponents (13ms)
	FinalizeReload (736ms)
		ReleaseScriptCaches (0ms)
		RebuildScriptCaches (0ms)
		SetupLoadedEditorAssemblies (526ms)
			LogAssemblyErrors (0ms)
			InitializePlatformSupportModulesInManaged (15ms)
			SetLoadedEditorAssemblies (7ms)
			BeforeProcessingInitializeOnLoad (120ms)
			ProcessInitializeOnLoadAttributes (313ms)
			ProcessInitializeOnLoadMethodAttributes (67ms)
			AfterProcessingInitializeOnLoad (3ms)
			EditorAssembliesLoaded (0ms)
		ExecutionOrderSort2 (0ms)
		AwakeInstancesAfterBackupRestoration (13ms)
Refreshing native plugins compatible for Editor in 1.68 ms, found 4 plugins.
Preloading 0 native plugins for Editor in 0.00 ms.
Unloading 13 Unused Serialized files (Serialized files now loaded: 0)
Unloading 7618 unused Assets / (4.4 MB). Loaded Objects now: 8353.
Memory consumption went from 156.3 MB to 151.9 MB.
Total: 8.606400 ms (FindLiveObjects: 0.846700 ms CreateObjectMapping: 0.798900 ms MarkObjects: 4.325700 ms  DeleteObjects: 2.633400 ms)

Prepare: number of updated asset objects reloaded= 0
========================================================================
Received Prepare
Begin MonoManager ReloadAssembly
- Loaded All Assemblies, in  0.759 seconds
Refreshing native plugins compatible for Editor in 1.31 ms, found 4 plugins.
Native extension for iOS target not found
Native extension for Android target not found
Native extension for WindowsStandalone target not found
Native extension for WebGL target not found
Mono: successfully reloaded assembly
- Finished resetting the current domain, in  0.995 seconds
Domain Reload Profiling: 1754ms
	BeginReloadAssembly (213ms)
		ExecutionOrderSort (0ms)
		DisableScriptedObjects (15ms)
		BackupInstance (0ms)
		ReleaseScriptingObjects (0ms)
		CreateAndSetChildDomain (55ms)
	RebuildCommonClasses (31ms)
	RebuildNativeTypeToScriptingClass (12ms)
	initialDomainReloadingComplete (25ms)
	LoadAllAssembliesAndSetupDomain (478ms)
		LoadAssemblies (366ms)
		RebuildTransferFunctionScriptingTraits (0ms)
		AnalyzeDomain (204ms)
			TypeCache.Refresh (8ms)
				TypeCache.ScanAssembly (0ms)
			BuildScriptInfoCaches (182ms)
			ResolveRequiredComponents (10ms)
	FinalizeReload (995ms)
		ReleaseScriptCaches (0ms)
		RebuildScriptCaches (0ms)
		SetupLoadedEditorAssemblies (705ms)
			LogAssemblyErrors (0ms)
			InitializePlatformSupportModulesInManaged (19ms)
			SetLoadedEditorAssemblies (8ms)
			BeforeProcessingInitializeOnLoad (176ms)
			ProcessInitializeOnLoadAttributes (415ms)
			ProcessInitializeOnLoadMethodAttributes (82ms)
			AfterProcessingInitializeOnLoad (4ms)
			EditorAssembliesLoaded (0ms)
		ExecutionOrderSort2 (0ms)
		AwakeInstancesAfterBackupRestoration (17ms)
Refreshing native plugins compatible for Editor in 2.15 ms, found 4 plugins.
Preloading 0 native plugins for Editor in 0.00 ms.
Unloading 13 Unused Serialized files (Serialized files now loaded: 0)
Unloading 7618 unused Assets / (4.8 MB). Loaded Objects now: 8358.
Memory consumption went from 156.3 MB to 151.5 MB.
Total: 12.418200 ms (FindLiveObjects: 1.094800 ms CreateObjectMapping: 1.532300 ms MarkObjects: 6.289200 ms  DeleteObjects: 3.500500 ms)

Prepare: number of updated asset objects reloaded= 0
========================================================================
Received Prepare
Refreshing native plugins compatible for Editor in 1.42 ms, found 4 plugins.
Preloading 0 native plugins for Editor in 0.00 ms.
Unloading 13 Unused Serialized files (Serialized files now loaded: 0)
Unloading 7607 unused Assets / (4.4 MB). Loaded Objects now: 8358.
Memory consumption went from 156.5 MB to 152.1 MB.
Total: 9.127800 ms (FindLiveObjects: 0.788400 ms CreateObjectMapping: 0.821700 ms MarkObjects: 5.078400 ms  DeleteObjects: 2.438100 ms)

Prepare: number of updated asset objects reloaded= 0
========================================================================
Received Prepare
Begin MonoManager ReloadAssembly
- Loaded All Assemblies, in  0.796 seconds
Refreshing native plugins compatible for Editor in 1.71 ms, found 4 plugins.
Native extension for iOS target not found
Native extension for Android target not found
Native extension for WindowsStandalone target not found
Native extension for WebGL target not found
Mono: successfully reloaded assembly
- Finished resetting the current domain, in  0.833 seconds
Domain Reload Profiling: 1631ms
	BeginReloadAssembly (226ms)
		ExecutionOrderSort (0ms)
		DisableScriptedObjects (12ms)
		BackupInstance (0ms)
		ReleaseScriptingObjects (0ms)
		CreateAndSetChildDomain (62ms)
	RebuildCommonClasses (33ms)
	RebuildNativeTypeToScriptingClass (17ms)
	initialDomainReloadingComplete (28ms)
	LoadAllAssembliesAndSetupDomain (494ms)
		LoadAssemblies (375ms)
		RebuildTransferFunctionScriptingTraits (0ms)
		AnalyzeDomain (222ms)
			TypeCache.Refresh (11ms)
				TypeCache.ScanAssembly (1ms)
			BuildScriptInfoCaches (196ms)
			ResolveRequiredComponents (10ms)
	FinalizeReload (834ms)
		ReleaseScriptCaches (0ms)
		RebuildScriptCaches (0ms)
		SetupLoadedEditorAssemblies (571ms)
			LogAssemblyErrors (0ms)
			InitializePlatformSupportModulesInManaged (21ms)
			SetLoadedEditorAssemblies (7ms)
			BeforeProcessingInitializeOnLoad (136ms)
			ProcessInitializeOnLoadAttributes (333ms)
			ProcessInitializeOnLoadMethodAttributes (72ms)
			AfterProcessingInitializeOnLoad (4ms)
			EditorAssembliesLoaded (0ms)
		ExecutionOrderSort2 (0ms)
		AwakeInstancesAfterBackupRestoration (18ms)
Refreshing native plugins compatible for Editor in 1.63 ms, found 4 plugins.
Preloading 0 native plugins for Editor in 0.00 ms.
Unloading 13 Unused Serialized files (Serialized files now loaded: 0)
Unloading 7618 unused Assets / (4.4 MB). Loaded Objects now: 8363.
Memory consumption went from 156.3 MB to 152.0 MB.
Total: 8.455900 ms (FindLiveObjects: 0.784900 ms CreateObjectMapping: 0.754800 ms MarkObjects: 4.358000 ms  DeleteObjects: 2.557200 ms)

Prepare: number of updated asset objects reloaded= 0
========================================================================
Received Prepare
Begin MonoManager ReloadAssembly
- Loaded All Assemblies, in  0.765 seconds
Refreshing native plugins compatible for Editor in 2.15 ms, found 4 plugins.
Native extension for iOS target not found
Native extension for Android target not found
Native extension for WindowsStandalone target not found
Native extension for WebGL target not found
Mono: successfully reloaded assembly
- Finished resetting the current domain, in  0.865 seconds
Domain Reload Profiling: 1631ms
	BeginReloadAssembly (207ms)
		ExecutionOrderSort (0ms)
		DisableScriptedObjects (12ms)
		BackupInstance (0ms)
		ReleaseScriptingObjects (0ms)
		CreateAndSetChildDomain (52ms)
	RebuildCommonClasses (32ms)
	RebuildNativeTypeToScriptingClass (11ms)
	initialDomainReloadingComplete (23ms)
	LoadAllAssembliesAndSetupDomain (491ms)
		LoadAssemblies (341ms)
		RebuildTransferFunctionScriptingTraits (0ms)
		AnalyzeDomain (232ms)
			TypeCache.Refresh (9ms)
				TypeCache.ScanAssembly (0ms)
			BuildScriptInfoCaches (209ms)
			ResolveRequiredComponents (10ms)
	FinalizeReload (865ms)
		ReleaseScriptCaches (0ms)
		RebuildScriptCaches (0ms)
		SetupLoadedEditorAssemblies (614ms)
			LogAssemblyErrors (0ms)
			InitializePlatformSupportModulesInManaged (21ms)
			SetLoadedEditorAssemblies (7ms)
			BeforeProcessingInitializeOnLoad (134ms)
			ProcessInitializeOnLoadAttributes (372ms)
			ProcessInitializeOnLoadMethodAttributes (74ms)
			AfterProcessingInitializeOnLoad (5ms)
			EditorAssembliesLoaded (0ms)
		ExecutionOrderSort2 (0ms)
		AwakeInstancesAfterBackupRestoration (18ms)
Refreshing native plugins compatible for Editor in 1.64 ms, found 4 plugins.
Preloading 0 native plugins for Editor in 0.00 ms.
Unloading 13 Unused Serialized files (Serialized files now loaded: 0)
Unloading 7618 unused Assets / (4.5 MB). Loaded Objects now: 8368.
Memory consumption went from 156.4 MB to 151.8 MB.
Total: 11.070800 ms (FindLiveObjects: 0.832500 ms CreateObjectMapping: 0.853800 ms MarkObjects: 6.277400 ms  DeleteObjects: 3.106000 ms)

Prepare: number of updated asset objects reloaded= 0
========================================================================
Received Import Request.
  Time since last request: 479.867543 seconds.
  path: Assets/2DSpaceshipsFreeTrial/Prefabs/2DScifiFighterWeapons/2DFighterCanon.prefab
  artifactKey: Guid(c1a1526c30c3195409d7a0dd052b974c) Importer(815301076,1909f56bfc062723c751e8b465ee728b)
Start importing Assets/2DSpaceshipsFreeTrial/Prefabs/2DScifiFighterWeapons/2DFighterCanon.prefab using Guid(c1a1526c30c3195409d7a0dd052b974c) Importer(815301076,1909f56bfc062723c751e8b465ee728b) (PreviewImporter) -> (artifact id: '60f0d5fd4f28e399aaee2eb0071ec559') in 0.587499 seconds
Number of updated asset objects reloaded before import = 0Number of asset objects unloaded after import = 8

========================================================================
Received Import Request.
  Time since last request: 0.000055 seconds.
  path: Assets/2DSpaceshipsFreeTrial/Prefabs/2DScifiFighterWeapons/2DFighterMissileLaucherSide.prefab
  artifactKey: Guid(b63c8c5611901eb4e951a42ba141a0e0) Importer(815301076,1909f56bfc062723c751e8b465ee728b)
Start importing Assets/2DSpaceshipsFreeTrial/Prefabs/2DScifiFighterWeapons/2DFighterMissileLaucherSide.prefab using Guid(b63c8c5611901eb4e951a42ba141a0e0) Importer(815301076,1909f56bfc062723c751e8b465ee728b) (PreviewImporter) -> (artifact id: '060fcbeee9ce13833a27b1216f2e0796') in 0.0103006 seconds
Number of updated asset objects reloaded before import = 0Number of asset objects unloaded after import = 8

========================================================================
Received Import Request.
  Time since last request: 0.000032 seconds.
  path: Assets/2DSpaceshipsFreeTrial/Prefabs/2DShipsStandardWeapons/SideView/Turrets/Left/2DShipsSmallTurretSideViewLeft.prefab
  artifactKey: Guid(4dd1a84e05fb8944a8a98480bacaae04) Importer(815301076,1909f56bfc062723c751e8b465ee728b)
Start importing Assets/2DSpaceshipsFreeTrial/Prefabs/2DShipsStandardWeapons/SideView/Turrets/Left/2DShipsSmallTurretSideViewLeft.prefab using Guid(4dd1a84e05fb8944a8a98480bacaae04) Importer(815301076,1909f56bfc062723c751e8b465ee728b) (PreviewImporter) -> (artifact id: 'b090ef5414f158931779839434756631') in 0.0095997 seconds
Number of updated asset objects reloaded before import = 0Number of asset objects unloaded after import = 11

========================================================================
Received Import Request.
  Time since last request: 0.000025 seconds.
  path: Assets/2DSpaceshipsFreeTrial/Prefabs/2DSpaceshipsFreeTrialSideView/2DScifiFrigateCorsairSideViewMasterPrefab.prefab
  artifactKey: Guid(09eef1c2dc8961249a5567081bca030d) Importer(815301076,1909f56bfc062723c751e8b465ee728b)
Start importing Assets/2DSpaceshipsFreeTrial/Prefabs/2DSpaceshipsFreeTrialSideView/2DScifiFrigateCorsairSideViewMasterPrefab.prefab using Guid(09eef1c2dc8961249a5567081bca030d) Importer(815301076,1909f56bfc062723c751e8b465ee728b) (PreviewImporter) -> (artifact id: 'd7e1aaf451661f15f99c5d690d49b4c0') in 0.0847242 seconds
Number of updated asset objects reloaded before import = 0Number of asset objects unloaded after import = 77

========================================================================
Received Import Request.
  Time since last request: 0.000033 seconds.
  path: Assets/2DSpaceshipsFreeTrial/Prefabs/2DSpaceshipsFreeTrialSideView/2DScifiFighterExcaliburSideViewMasterPrefab.prefab
  artifactKey: Guid(6be15387711903945975be08ef9ebbaa) Importer(815301076,1909f56bfc062723c751e8b465ee728b)
Start importing Assets/2DSpaceshipsFreeTrial/Prefabs/2DSpaceshipsFreeTrialSideView/2DScifiFighterExcaliburSideViewMasterPrefab.prefab using Guid(6be15387711903945975be08ef9ebbaa) Importer(815301076,1909f56bfc062723c751e8b465ee728b) (PreviewImporter) -> (artifact id: '6d3006b3f1ed2dd77490452577ff0905') in 0.0275924 seconds
Number of updated asset objects reloaded before import = 0Number of asset objects unloaded after import = 63

========================================================================
Received Import Request.
  Time since last request: 0.000043 seconds.
  path: Assets/2DSpaceshipsFreeTrial/Textures/2DSpaceshipsFreeTrialSideView/2DSpaceshipsFreeTrialAtlasSideViewBlack.png
  artifactKey: Guid(b9c9b3ee7e1cd8c40b152ba6485ba796) Importer(815301076,1909f56bfc062723c751e8b465ee728b)
Start importing Assets/2DSpaceshipsFreeTrial/Textures/2DSpaceshipsFreeTrialSideView/2DSpaceshipsFreeTrialAtlasSideViewBlack.png using Guid(b9c9b3ee7e1cd8c40b152ba6485ba796) Importer(815301076,1909f56bfc062723c751e8b465ee728b) (PreviewImporter) -> (artifact id: 'dcf2b3802a0faeda9284a7b010957401') in 0.0448564 seconds
Number of updated asset objects reloaded before import = 0Number of asset objects unloaded after import = 5

========================================================================
Received Import Request.
  Time since last request: 0.000028 seconds.
  path: Assets/2DSpaceshipsFreeTrial/Prefabs/2DSpaceshipsFreeTrialSideViewScaleInRelation/2DScifiFighterExcaliburSideViewMasterPrefab.prefab
  artifactKey: Guid(f7844bd6f2f19b242806b3f9af42d66b) Importer(815301076,1909f56bfc062723c751e8b465ee728b)
Start importing Assets/2DSpaceshipsFreeTrial/Prefabs/2DSpaceshipsFreeTrialSideViewScaleInRelation/2DScifiFighterExcaliburSideViewMasterPrefab.prefab using Guid(f7844bd6f2f19b242806b3f9af42d66b) Importer(815301076,1909f56bfc062723c751e8b465ee728b) (PreviewImporter) -> (artifact id: '32b834593ada9982bcc49e6bd77c734b') in 0.0279953 seconds
Number of updated asset objects reloaded before import = 0Number of asset objects unloaded after import = 63

========================================================================
Received Import Request.
  Time since last request: 0.000046 seconds.
  path: Assets/2DSpaceshipsFreeTrial/Textures/2DSpaceshipsFreeTrialSideView/2DSpaceshipsFreeTrialAtlasSideViewBlue.png
  artifactKey: Guid(b80c32b793ae31046bc85865350fe2b2) Importer(815301076,1909f56bfc062723c751e8b465ee728b)
Start importing Assets/2DSpaceshipsFreeTrial/Textures/2DSpaceshipsFreeTrialSideView/2DSpaceshipsFreeTrialAtlasSideViewBlue.png using Guid(b80c32b793ae31046bc85865350fe2b2) Importer(815301076,1909f56bfc062723c751e8b465ee728b) (PreviewImporter) -> (artifact id: 'f97e57a371b15583e008a07248d3dba6') in 0.0186295 seconds
Number of updated asset objects reloaded before import = 0Number of asset objects unloaded after import = 5

========================================================================
Received Import Request.
  Time since last request: 0.000253 seconds.
  path: Assets/2DSpaceshipsFreeTrial/Prefabs/2DSpaceshipsFreeTrialTopViewScaleInRelation/2DScifiDestroyerPhoenixTopViewMasterPrefab.prefab
  artifactKey: Guid(94daddc54f3285e44bf9b06fcd28a0ea) Importer(815301076,1909f56bfc062723c751e8b465ee728b)
Start importing Assets/2DSpaceshipsFreeTrial/Prefabs/2DSpaceshipsFreeTrialTopViewScaleInRelation/2DScifiDestroyerPhoenixTopViewMasterPrefab.prefab using Guid(94daddc54f3285e44bf9b06fcd28a0ea) Importer(815301076,1909f56bfc062723c751e8b465ee728b) (PreviewImporter) -> (artifact id: 'ec8cc41a592a914d0c07c4fa9e7a58d5') in 0.030059 seconds
Number of updated asset objects reloaded before import = 0Number of asset objects unloaded after import = 75

========================================================================
Received Import Request.
  Time since last request: 0.000051 seconds.
  path: Assets/2DSpaceshipsFreeTrial/Prefabs/2DShipsStandardWeapons/SideView/Turrets/Left/2DShipsLargeTurreSideViewLeft.prefab
  artifactKey: Guid(ce137df07c07d304bb0fafc7f6f7cf09) Importer(815301076,1909f56bfc062723c751e8b465ee728b)
Start importing Assets/2DSpaceshipsFreeTrial/Prefabs/2DShipsStandardWeapons/SideView/Turrets/Left/2DShipsLargeTurreSideViewLeft.prefab using Guid(ce137df07c07d304bb0fafc7f6f7cf09) Importer(815301076,1909f56bfc062723c751e8b465ee728b) (PreviewImporter) -> (artifact id: '466d85f338ae8bee9a1d34c971c5980e') in 0.0089635 seconds
Number of updated asset objects reloaded before import = 0Number of asset objects unloaded after import = 11

========================================================================
Received Import Request.
  Time since last request: 0.000029 seconds.
  path: Assets/2DSpaceshipsFreeTrial/Textures/2DSpaceshipsFreeTrialSideView/2DSpaceshipsFreeTrialAtlasSideViewBlack2.png
  artifactKey: Guid(893b76d9a1d96ac4cbce9c7a9cdd51f8) Importer(815301076,1909f56bfc062723c751e8b465ee728b)
Start importing Assets/2DSpaceshipsFreeTrial/Textures/2DSpaceshipsFreeTrialSideView/2DSpaceshipsFreeTrialAtlasSideViewBlack2.png using Guid(893b76d9a1d96ac4cbce9c7a9cdd51f8) Importer(815301076,1909f56bfc062723c751e8b465ee728b) (PreviewImporter) -> (artifact id: '5b65c36f117c5b74ee9de2769fd27663') in 0.0159297 seconds
Number of updated asset objects reloaded before import = 0Number of asset objects unloaded after import = 5

========================================================================
Received Import Request.
  Time since last request: 0.000032 seconds.
  path: Assets/2DSpaceshipsFreeTrial/Textures/2DScifiFighterWeapons/ScifiFighterWeaponsAtlas.png
  artifactKey: Guid(23a10fa0df1140746adb7bda3d420aba) Importer(815301076,1909f56bfc062723c751e8b465ee728b)
Start importing Assets/2DSpaceshipsFreeTrial/Textures/2DScifiFighterWeapons/ScifiFighterWeaponsAtlas.png using Guid(23a10fa0df1140746adb7bda3d420aba) Importer(815301076,1909f56bfc062723c751e8b465ee728b) (PreviewImporter) -> (artifact id: 'f0af65c69d2a378c66ec0006a0c4690a') in 0.026394 seconds
Number of updated asset objects reloaded before import = 0Number of asset objects unloaded after import = 8

========================================================================
Received Import Request.
  Time since last request: 0.000034 seconds.
  path: Assets/2DSpaceshipsFreeTrial/Prefabs/2DSpaceshipsFreeTrialTopView/2DScifiFighterExcaliburTopViewMasterPrefab.prefab
  artifactKey: Guid(ceb2e69d6fcbbcf4eb36a02462f60ce6) Importer(815301076,1909f56bfc062723c751e8b465ee728b)
Start importing Assets/2DSpaceshipsFreeTrial/Prefabs/2DSpaceshipsFreeTrialTopView/2DScifiFighterExcaliburTopViewMasterPrefab.prefab using Guid(ceb2e69d6fcbbcf4eb36a02462f60ce6) Importer(815301076,1909f56bfc062723c751e8b465ee728b) (PreviewImporter) -> (artifact id: '2b41ad654cf3e8755f21d2f4887831b9') in 0.0274108 seconds
Number of updated asset objects reloaded before import = 0Number of asset objects unloaded after import = 67

========================================================================
Received Import Request.
  Time since last request: 0.000049 seconds.
  path: Assets/2DSpaceshipsFreeTrial/Textures/2DSpaceshipsFreeTrialSideView/2DSpaceshipsFreeTrialAtlasSideViewGreen.png
  artifactKey: Guid(26a2179056f52e84197710b10f17ea78) Importer(815301076,1909f56bfc062723c751e8b465ee728b)
Start importing Assets/2DSpaceshipsFreeTrial/Textures/2DSpaceshipsFreeTrialSideView/2DSpaceshipsFreeTrialAtlasSideViewGreen.png using Guid(26a2179056f52e84197710b10f17ea78) Importer(815301076,1909f56bfc062723c751e8b465ee728b) (PreviewImporter) -> (artifact id: '63cc50cabb4997f54e54a58df2fdddfc') in 0.0209326 seconds
Number of updated asset objects reloaded before import = 0Number of asset objects unloaded after import = 5

========================================================================
Received Import Request.
  Time since last request: 0.000039 seconds.
  path: Assets/2DSpaceshipsFreeTrial/Textures/2DSpaceshipsFreeTrialSideView/2DSpaceshipsFreeTrialAtlasSideViewRed.png
  artifactKey: Guid(359cb9785aad53b43a2d8ffe8a86d053) Importer(815301076,1909f56bfc062723c751e8b465ee728b)
Start importing Assets/2DSpaceshipsFreeTrial/Textures/2DSpaceshipsFreeTrialSideView/2DSpaceshipsFreeTrialAtlasSideViewRed.png using Guid(359cb9785aad53b43a2d8ffe8a86d053) Importer(815301076,1909f56bfc062723c751e8b465ee728b) (PreviewImporter) -> (artifact id: '9701924dc114672ddb06ad0f2a34d06b') in 0.0195301 seconds
Number of updated asset objects reloaded before import = 0Number of asset objects unloaded after import = 5

========================================================================
Received Import Request.
  Time since last request: 0.000064 seconds.
  path: Assets/AddressableAssetsData/AssetGroups/Fighter.asset
  artifactKey: Guid(c60eeb22691b54d43904b71bd71e6690) Importer(815301076,1909f56bfc062723c751e8b465ee728b)
Start importing Assets/AddressableAssetsData/AssetGroups/Fighter.asset using Guid(c60eeb22691b54d43904b71bd71e6690) Importer(815301076,1909f56bfc062723c751e8b465ee728b) (PreviewImporter) -> (artifact id: '4f2a1b2ee19134c0ab3c506862dced15') in 0.0014043 seconds
Number of updated asset objects reloaded before import = 0Number of asset objects unloaded after import = 0

========================================================================
Received Import Request.
  Time since last request: 0.000027 seconds.
  path: Assets/2DSpaceshipsFreeTrial/Textures/2DSpaceshipsFreeTrialSideView/2DSpaceshipsFreeTrialAtlasSideViewGrey2.png
  artifactKey: Guid(66509e624c6694849b0608e7b49cd946) Importer(815301076,1909f56bfc062723c751e8b465ee728b)
Start importing Assets/2DSpaceshipsFreeTrial/Textures/2DSpaceshipsFreeTrialSideView/2DSpaceshipsFreeTrialAtlasSideViewGrey2.png using Guid(66509e624c6694849b0608e7b49cd946) Importer(815301076,1909f56bfc062723c751e8b465ee728b) (PreviewImporter) -> (artifact id: '400484b390eab5429353c8c2ef7de9d5') in 0.0198479 seconds
Number of updated asset objects reloaded before import = 0Number of asset objects unloaded after import = 5

========================================================================
Received Import Request.
  Time since last request: 0.000029 seconds.
  path: Assets/2DSpaceshipsFreeTrial/Prefabs/2DScifiFighterWeapons/2DFighterTorpedo.prefab
  artifactKey: Guid(1e16ea26925190d4bb4582735a69a3ac) Importer(815301076,1909f56bfc062723c751e8b465ee728b)
Start importing Assets/2DSpaceshipsFreeTrial/Prefabs/2DScifiFighterWeapons/2DFighterTorpedo.prefab using Guid(1e16ea26925190d4bb4582735a69a3ac) Importer(815301076,1909f56bfc062723c751e8b465ee728b) (PreviewImporter) -> (artifact id: '7355ea36be3525aa08177f03794cd31e') in 0.0079528 seconds
Number of updated asset objects reloaded before import = 0Number of asset objects unloaded after import = 8

