Using pre-set license
Built from '6000.0/staging' branch; Version is '6000.0.41f1 (46e447368a18) revision 4645959'; Using compiler version '193933523'; Build Type 'Release'
OS: 'Windows 11  (10.0.22631) 64bit Professional' Language: 'ja' Physical Memory: 32440 MB
BatchMode: 1, IsHumanControllingUs: 0, StartBugReporterOnCrash: 0, Is64bit: 1, IsPro: 1

COMMAND LINE ARGUMENTS:
C:\Program Files\Unity\Hub\Editor\6000.0.41f1\Editor\Unity.exe
-adb2
-batchMode
-noUpm
-name
AssetImportWorker3
-projectPath
C:/Users/ktc/Desktop/新しいフォルダー/SpaceShooting
-logFile
Logs/AssetImportWorker3.log
-srvPort
59576
-job-worker-count
7
-background-job-worker-count
8
-gc-helper-count
1
Successfully changed project path to: C:/Users/ktc/Desktop/新しいフォルダー/SpaceShooting
C:/Users/ktc/Desktop/新しいフォルダー/SpaceShooting
[UnityMemory] Configuration Parameters - Can be set up in boot.config
    "memorysetup-bucket-allocator-granularity=16"
    "memorysetup-bucket-allocator-bucket-count=8"
    "memorysetup-bucket-allocator-block-size=33554432"
    "memorysetup-bucket-allocator-block-count=8"
    "memorysetup-main-allocator-block-size=16777216"
    "memorysetup-thread-allocator-block-size=16777216"
    "memorysetup-gfx-main-allocator-block-size=16777216"
    "memorysetup-gfx-thread-allocator-block-size=16777216"
    "memorysetup-cache-allocator-block-size=4194304"
    "memorysetup-typetree-allocator-block-size=2097152"
    "memorysetup-profiler-bucket-allocator-granularity=16"
    "memorysetup-profiler-bucket-allocator-bucket-count=8"
    "memorysetup-profiler-bucket-allocator-block-size=33554432"
    "memorysetup-profiler-bucket-allocator-block-count=8"
    "memorysetup-profiler-allocator-block-size=16777216"
    "memorysetup-profiler-editor-allocator-block-size=1048576"
    "memorysetup-temp-allocator-size-main=16777216"
    "memorysetup-job-temp-allocator-block-size=2097152"
    "memorysetup-job-temp-allocator-block-size-background=1048576"
    "memorysetup-job-temp-allocator-reduction-small-platforms=262144"
    "memorysetup-allocator-temp-initial-block-size-main=262144"
    "memorysetup-allocator-temp-initial-block-size-worker=262144"
    "memorysetup-temp-allocator-size-background-worker=32768"
    "memorysetup-temp-allocator-size-job-worker=262144"
    "memorysetup-temp-allocator-size-preload-manager=33554432"
    "memorysetup-temp-allocator-size-nav-mesh-worker=65536"
    "memorysetup-temp-allocator-size-audio-worker=65536"
    "memorysetup-temp-allocator-size-cloud-worker=32768"
    "memorysetup-temp-allocator-size-gi-baking-worker=262144"
    "memorysetup-temp-allocator-size-gi-baking-worker=262144"
    "memorysetup-temp-allocator-size-gi-baking-worker=262144"
    "memorysetup-temp-allocator-size-gi-baking-worker=262144"
    "memorysetup-temp-allocator-size-gi-baking-worker=262144"
    "memorysetup-temp-allocator-size-gfx=262144"
Player connection [22900]  Target information:

Player connection [22900]  * "[IP] 172.22.90.104 [Port] 0 [Flags] 2 [Guid] 2579791968 [EditorId] 2579791968 [Version] 1048832 [Id] WindowsEditor(7,604-19) [Debug] 1 [PackageName] WindowsEditor [ProjectName] Editor" 

Player connection [22900]  * "[IP] 172.18.176.1 [Port] 0 [Flags] 2 [Guid] 2579791968 [EditorId] 2579791968 [Version] 1048832 [Id] WindowsEditor(7,604-19) [Debug] 1 [PackageName] WindowsEditor [ProjectName] Editor" 

Player connection [22900]  * "[IP] 192.168.217.1 [Port] 0 [Flags] 2 [Guid] 2579791968 [EditorId] 2579791968 [Version] 1048832 [Id] WindowsEditor(7,604-19) [Debug] 1 [PackageName] WindowsEditor [ProjectName] Editor" 

Player connection [22900]  * "[IP] 192.168.172.1 [Port] 0 [Flags] 2 [Guid] 2579791968 [EditorId] 2579791968 [Version] 1048832 [Id] WindowsEditor(7,604-19) [Debug] 1 [PackageName] WindowsEditor [ProjectName] Editor" 

Player connection [22900]  * "[IP] 192.168.56.1 [Port] 0 [Flags] 2 [Guid] 2579791968 [EditorId] 2579791968 [Version] 1048832 [Id] WindowsEditor(7,604-19) [Debug] 1 [PackageName] WindowsEditor [ProjectName] Editor" 

Player connection [22900] Host joined multi-casting on [225.0.0.222:54997]...
Player connection [22900] Host joined alternative multi-casting on [225.0.0.222:34997]...
JobSystem: Creating JobQueue using job-worker-count value 7
Input System module state changed to: Initialized.
[Physics::Module] Initialized fallback backend.
[Physics::Module] Id: 0xdecafbad
Library Redirect Path: Library/
[Physics::Module] Selected backend.
[Physics::Module] Name: PhysX
[Physics::Module] Id: 0xf2b8ea05
[Physics::Module] SDK Version: 4.1.2
[Physics::Module] Integration Version: 1.0.0
[Physics::Module] Threading Mode: Multi-Threaded
Refreshing native plugins compatible for Editor in 3.13 ms, found 4 plugins.
Preloading 0 native plugins for Editor in 0.00 ms.
Initialize engine version: 6000.0.41f1 (46e447368a18)
[Subsystems] Discovering subsystems at path C:/Program Files/Unity/Hub/Editor/6000.0.41f1/Editor/Data/Resources/UnitySubsystems
[Subsystems] Discovering subsystems at path C:/Users/ktc/Desktop/新しいフォルダー/SpaceShooting/Assets
GfxDevice: creating device client; kGfxThreadingModeNonThreaded
Direct3D:
    Version:  Direct3D 11.0 [level 11.1]
    Renderer: NVIDIA GeForce RTX 3070 (ID=0x2484)
    Vendor:   NVIDIA
    VRAM:     8018 MB
    Driver:   32.0.15.6624
Initialize mono
Mono path[0] = 'C:/Program Files/Unity/Hub/Editor/6000.0.41f1/Editor/Data/Managed'
Mono path[1] = 'C:/Program Files/Unity/Hub/Editor/6000.0.41f1/Editor/Data/MonoBleedingEdge/lib/mono/unityjit-win32'
Mono config path = 'C:/Program Files/Unity/Hub/Editor/6000.0.41f1/Editor/Data/MonoBleedingEdge/etc'
Using monoOptions --debugger-agent=transport=dt_socket,embedding=1,server=y,suspend=n,address=127.0.0.1:56440
Begin MonoManager ReloadAssembly
Registering precompiled unity dll's ...
Register platform support module: C:/Program Files/Unity/Hub/Editor/6000.0.41f1/Editor/Data/PlaybackEngines/WebGLSupport/UnityEditor.WebGL.Extensions.dll
Register platform support module: C:/Program Files/Unity/Hub/Editor/6000.0.41f1/Editor/Data/PlaybackEngines/WindowsStandaloneSupport/UnityEditor.WindowsStandalone.Extensions.dll
Register platform support module: C:/Program Files/Unity/Hub/Editor/6000.0.41f1/Editor/Data/PlaybackEngines/AndroidPlayer/UnityEditor.Android.Extensions.dll
Register platform support module: C:/Program Files/Unity/Hub/Editor/6000.0.41f1/Editor/Data/PlaybackEngines/iOSSupport/UnityEditor.iOS.Extensions.dll
Registered in 0.004958 seconds.
- Loaded All Assemblies, in  0.431 seconds
[usbmuxd] Start listen thread
[usbmuxd] Listen thread started
Native extension for iOS target not found
Native extension for Android target not found
Android Extension - Scanning For ADB Devices 278 ms
Native extension for WindowsStandalone target not found
Native extension for WebGL target not found
Mono: successfully reloaded assembly
- Finished resetting the current domain, in  0.627 seconds
Domain Reload Profiling: 1056ms
	BeginReloadAssembly (143ms)
		ExecutionOrderSort (0ms)
		DisableScriptedObjects (0ms)
		BackupInstance (0ms)
		ReleaseScriptingObjects (0ms)
		CreateAndSetChildDomain (1ms)
	RebuildCommonClasses (39ms)
	RebuildNativeTypeToScriptingClass (11ms)
	initialDomainReloadingComplete (50ms)
	LoadAllAssembliesAndSetupDomain (186ms)
		LoadAssemblies (140ms)
		RebuildTransferFunctionScriptingTraits (0ms)
		AnalyzeDomain (181ms)
			TypeCache.Refresh (179ms)
				TypeCache.ScanAssembly (165ms)
			BuildScriptInfoCaches (0ms)
			ResolveRequiredComponents (1ms)
	FinalizeReload (628ms)
		ReleaseScriptCaches (0ms)
		RebuildScriptCaches (0ms)
		SetupLoadedEditorAssemblies (596ms)
			LogAssemblyErrors (0ms)
			InitializePlatformSupportModulesInManaged (361ms)
			SetLoadedEditorAssemblies (3ms)
			BeforeProcessingInitializeOnLoad (50ms)
			ProcessInitializeOnLoadAttributes (125ms)
			ProcessInitializeOnLoadMethodAttributes (56ms)
			AfterProcessingInitializeOnLoad (0ms)
			EditorAssembliesLoaded (0ms)
		ExecutionOrderSort2 (0ms)
		AwakeInstancesAfterBackupRestoration (0ms)
========================================================================
Worker process is ready to serve import requests
Import Worker Mode flag is 0x00
Begin MonoManager ReloadAssembly
- Loaded All Assemblies, in  0.933 seconds
Refreshing native plugins compatible for Editor in 1.24 ms, found 4 plugins.
Native extension for iOS target not found
Native extension for Android target not found
Native extension for WindowsStandalone target not found
Native extension for WebGL target not found
Mono: successfully reloaded assembly
- Finished resetting the current domain, in  0.848 seconds
Domain Reload Profiling: 1775ms
	BeginReloadAssembly (182ms)
		ExecutionOrderSort (0ms)
		DisableScriptedObjects (7ms)
		BackupInstance (0ms)
		ReleaseScriptingObjects (0ms)
		CreateAndSetChildDomain (39ms)
	RebuildCommonClasses (33ms)
	RebuildNativeTypeToScriptingClass (14ms)
	initialDomainReloadingComplete (41ms)
	LoadAllAssembliesAndSetupDomain (657ms)
		LoadAssemblies (373ms)
		RebuildTransferFunctionScriptingTraits (0ms)
		AnalyzeDomain (381ms)
			TypeCache.Refresh (275ms)
				TypeCache.ScanAssembly (255ms)
			BuildScriptInfoCaches (84ms)
			ResolveRequiredComponents (17ms)
	FinalizeReload (848ms)
		ReleaseScriptCaches (0ms)
		RebuildScriptCaches (0ms)
		SetupLoadedEditorAssemblies (684ms)
			LogAssemblyErrors (0ms)
			InitializePlatformSupportModulesInManaged (20ms)
			SetLoadedEditorAssemblies (7ms)
			BeforeProcessingInitializeOnLoad (122ms)
			ProcessInitializeOnLoadAttributes (402ms)
			ProcessInitializeOnLoadMethodAttributes (129ms)
			AfterProcessingInitializeOnLoad (4ms)
			EditorAssembliesLoaded (0ms)
		ExecutionOrderSort2 (0ms)
		AwakeInstancesAfterBackupRestoration (6ms)
Launched and connected shader compiler UnityShaderCompiler.exe after 0.01 seconds
Refreshing native plugins compatible for Editor in 1.52 ms, found 4 plugins.
Preloading 0 native plugins for Editor in 0.00 ms.
Unloading 219 Unused Serialized files (Serialized files now loaded: 0)
Unloading 7620 unused Assets / (4.6 MB). Loaded Objects now: 8340.
Memory consumption went from 188.9 MB to 184.3 MB.
Total: 9.328100 ms (FindLiveObjects: 0.764200 ms CreateObjectMapping: 0.746600 ms MarkObjects: 5.296000 ms  DeleteObjects: 2.519900 ms)

========================================================================
Received Import Request.
  Time since last request: 1255.847000 seconds.
  path: Assets/Scripts/Fighter/AttackSpawnPoints.cs
  artifactKey: Guid(864dfc635c419044281b0cbb098d33a4) Importer(2089858483,192608db42251d675da83286b1cce702)
Start importing Assets/Scripts/Fighter/AttackSpawnPoints.cs using Guid(864dfc635c419044281b0cbb098d33a4) Importer(2089858483,192608db42251d675da83286b1cce702) (ScriptedImporter) -> (artifact id: 'd357603b1b5aae618df173286a4e0d09') in 0.2142916 seconds
Number of updated asset objects reloaded before import = 0Number of asset objects unloaded after import = 0

========================================================================
Received Import Request.
  Time since last request: 0.000023 seconds.
  path: Assets/2DSpaceshipsFreeTrial/Textures/2DSpaceshipsFreeTrialSideView/2DSpaceshipsFreeTrialAtlasSideViewBlue2.png
  artifactKey: Guid(d0a34105e4889f749b0b25e03b9bca86) Importer(2089858483,192608db42251d675da83286b1cce702)
Start importing Assets/2DSpaceshipsFreeTrial/Textures/2DSpaceshipsFreeTrialSideView/2DSpaceshipsFreeTrialAtlasSideViewBlue2.png using Guid(d0a34105e4889f749b0b25e03b9bca86) Importer(2089858483,192608db42251d675da83286b1cce702) (ScriptedImporter) -> (artifact id: '3ad090eff38c8dc55b1b748e77903087') in 0.0659583 seconds
Number of updated asset objects reloaded before import = 0Number of asset objects unloaded after import = 5

========================================================================
Received Import Request.
  Time since last request: 0.000028 seconds.
  path: Assets/Settings/UniversalRP.asset
  artifactKey: Guid(681886c5eb7344803b6206f758bf0b1c) Importer(2089858483,192608db42251d675da83286b1cce702)
Start importing Assets/Settings/UniversalRP.asset using Guid(681886c5eb7344803b6206f758bf0b1c) Importer(2089858483,192608db42251d675da83286b1cce702) (ScriptedImporter) -> (artifact id: 'd1b9c9c668f19cdec7d000f2e147b7c8') in 0.0573155 seconds
Number of updated asset objects reloaded before import = 0Number of asset objects unloaded after import = 1

========================================================================
Received Import Request.
  Time since last request: 0.000019 seconds.
  path: Assets/Scripts/GameManager.cs
  artifactKey: Guid(7999a83133c33ff46be2a73562da5e04) Importer(2089858483,192608db42251d675da83286b1cce702)
Start importing Assets/Scripts/GameManager.cs using Guid(7999a83133c33ff46be2a73562da5e04) Importer(2089858483,192608db42251d675da83286b1cce702) (ScriptedImporter) -> (artifact id: '15de926384f1c7eb1b120a7de09993a8') in 0.0035267 seconds
Number of updated asset objects reloaded before import = 0Number of asset objects unloaded after import = 0

========================================================================
Received Import Request.
  Time since last request: 0.000020 seconds.
  path: Assets/Scripts/FighterAttack/MediumMissileAttack.cs
  artifactKey: Guid(fa9d2698ec993314a9f4f94ee9572b4f) Importer(2089858483,192608db42251d675da83286b1cce702)
Start importing Assets/Scripts/FighterAttack/MediumMissileAttack.cs using Guid(fa9d2698ec993314a9f4f94ee9572b4f) Importer(2089858483,192608db42251d675da83286b1cce702) (ScriptedImporter) -> (artifact id: 'f205c5239762eb7727922ce13a1720ba') in 0.0037703 seconds
Number of updated asset objects reloaded before import = 0Number of asset objects unloaded after import = 0

========================================================================
Received Import Request.
  Time since last request: 0.000016 seconds.
  path: Assets/2DSpaceshipsFreeTrial/Prefabs/2DSpaceshipsFreeTrialTopViewScaleInRelation/2DScifiFighterExcaliburTopViewMasterPrefab.prefab
  artifactKey: Guid(cdf17be89501f4640a7bf79c310066b3) Importer(2089858483,192608db42251d675da83286b1cce702)
Start importing Assets/2DSpaceshipsFreeTrial/Prefabs/2DSpaceshipsFreeTrialTopViewScaleInRelation/2DScifiFighterExcaliburTopViewMasterPrefab.prefab using Guid(cdf17be89501f4640a7bf79c310066b3) Importer(2089858483,192608db42251d675da83286b1cce702) (ScriptedImporter) -> (artifact id: 'e8f5c20054c156913db8dccae8727f7b') in 0.0468945 seconds
Number of updated asset objects reloaded before import = 0Number of asset objects unloaded after import = 67

========================================================================
Received Import Request.
  Time since last request: 0.000032 seconds.
  path: Assets/2DSpaceshipsFreeTrial/Prefabs/2DShipMissilesTorpedoes/2DShipsTorpedo.prefab
  artifactKey: Guid(cc37bc98d98663343a34aa2a097f4150) Importer(2089858483,192608db42251d675da83286b1cce702)
Start importing Assets/2DSpaceshipsFreeTrial/Prefabs/2DShipMissilesTorpedoes/2DShipsTorpedo.prefab using Guid(cc37bc98d98663343a34aa2a097f4150) Importer(2089858483,192608db42251d675da83286b1cce702) (ScriptedImporter) -> (artifact id: '7e3890abd6983efaf9ee538625bc5936') in 0.0278984 seconds
Number of updated asset objects reloaded before import = 0Number of asset objects unloaded after import = 8

========================================================================
Received Import Request.
  Time since last request: 0.000025 seconds.
  path: Assets/Stylized 2D Space Shooter - Free/Sprites/Large/Enemy_2_A_Large.png
  artifactKey: Guid(a18d1f268d794524e82e8b4f4e4c5496) Importer(2089858483,192608db42251d675da83286b1cce702)
Start importing Assets/Stylized 2D Space Shooter - Free/Sprites/Large/Enemy_2_A_Large.png using Guid(a18d1f268d794524e82e8b4f4e4c5496) Importer(2089858483,192608db42251d675da83286b1cce702) (ScriptedImporter) -> (artifact id: '29a819be9a71e562b5720a7afc4e78fc') in 0.010929 seconds
Number of updated asset objects reloaded before import = 0Number of asset objects unloaded after import = 3

========================================================================
Received Import Request.
  Time since last request: 0.000029 seconds.
  path: Assets/Stylized 2D Space Shooter - Free/Sprites/Large/Enemy_4_B_Large.png
  artifactKey: Guid(6e75c22aa8d222d479fd4413e97606b4) Importer(2089858483,192608db42251d675da83286b1cce702)
Start importing Assets/Stylized 2D Space Shooter - Free/Sprites/Large/Enemy_4_B_Large.png using Guid(6e75c22aa8d222d479fd4413e97606b4) Importer(2089858483,192608db42251d675da83286b1cce702) (ScriptedImporter) -> (artifact id: '278b37ad17623e9ae2a6f728d5c760d7') in 0.0143833 seconds
Number of updated asset objects reloaded before import = 0Number of asset objects unloaded after import = 3

========================================================================
Received Import Request.
  Time since last request: 0.000018 seconds.
  path: Assets/AddressableAssetsData/DefaultObject.asset
  artifactKey: Guid(33662f768225f1a439d6e33ead2bde47) Importer(2089858483,192608db42251d675da83286b1cce702)
Start importing Assets/AddressableAssetsData/DefaultObject.asset using Guid(33662f768225f1a439d6e33ead2bde47) Importer(2089858483,192608db42251d675da83286b1cce702) (ScriptedImporter) -> (artifact id: 'aa0a9a4024d1483338a79efb481e9de4') in 0.0072208 seconds
Number of updated asset objects reloaded before import = 0Number of asset objects unloaded after import = 1

========================================================================
Received Import Request.
  Time since last request: 0.000022 seconds.
  path: Assets/Scripts/Fighter/FighterAttack.cs
  artifactKey: Guid(28c65d159a491994cb540522527f8469) Importer(2089858483,192608db42251d675da83286b1cce702)
Start importing Assets/Scripts/Fighter/FighterAttack.cs using Guid(28c65d159a491994cb540522527f8469) Importer(2089858483,192608db42251d675da83286b1cce702) (ScriptedImporter) -> (artifact id: 'c2e4698204482bb46223d63f9d0201d3') in 0.0061875 seconds
Number of updated asset objects reloaded before import = 0Number of asset objects unloaded after import = 0

========================================================================
Received Import Request.
  Time since last request: 0.000022 seconds.
  path: Assets/Stylized 2D Space Shooter - Free/Sprites/Large/Boss_1_A_Large.png
  artifactKey: Guid(584de057b67f9df4c83abfaa791f901e) Importer(2089858483,192608db42251d675da83286b1cce702)
Start importing Assets/Stylized 2D Space Shooter - Free/Sprites/Large/Boss_1_A_Large.png using Guid(584de057b67f9df4c83abfaa791f901e) Importer(2089858483,192608db42251d675da83286b1cce702) (ScriptedImporter) -> (artifact id: 'e57081658255a3b3425710f253a7212e') in 0.011433 seconds
Number of updated asset objects reloaded before import = 0Number of asset objects unloaded after import = 3

========================================================================
Received Import Request.
  Time since last request: 0.000028 seconds.
  path: Assets/Stylized 2D Space Shooter - Free/Sprites/Large/Pickup_1_C_Large.png
  artifactKey: Guid(4246adf94c7f9eb45ba1947c0453fee9) Importer(2089858483,192608db42251d675da83286b1cce702)
Start importing Assets/Stylized 2D Space Shooter - Free/Sprites/Large/Pickup_1_C_Large.png using Guid(4246adf94c7f9eb45ba1947c0453fee9) Importer(2089858483,192608db42251d675da83286b1cce702) (ScriptedImporter) -> (artifact id: '8c4ac21fe6460bc34ad454cae51efed8') in 0.0118629 seconds
Number of updated asset objects reloaded before import = 0Number of asset objects unloaded after import = 3

========================================================================
Received Import Request.
  Time since last request: 0.000022 seconds.
  path: Assets/AddressableAssetsData/AddressableAssetSettings.asset
  artifactKey: Guid(788ff6fafa44ee24c90a9cb0434f2f24) Importer(2089858483,192608db42251d675da83286b1cce702)
Start importing Assets/AddressableAssetsData/AddressableAssetSettings.asset using Guid(788ff6fafa44ee24c90a9cb0434f2f24) Importer(2089858483,192608db42251d675da83286b1cce702) (ScriptedImporter) -> (artifact id: 'c4f8d5ec4cd145bd4c931d81fc53b565') in 0.0164951 seconds
Number of updated asset objects reloaded before import = 0Number of asset objects unloaded after import = 1

========================================================================
Received Import Request.
  Time since last request: 0.000034 seconds.
  path: Assets/2DSpaceshipsFreeTrial/Prefabs/2DSpaceshipsFreeTrialTopView/2DScifiFighterExcaliburTopViewMasterPrefab.prefab
  artifactKey: Guid(ceb2e69d6fcbbcf4eb36a02462f60ce6) Importer(2089858483,192608db42251d675da83286b1cce702)
Start importing Assets/2DSpaceshipsFreeTrial/Prefabs/2DSpaceshipsFreeTrialTopView/2DScifiFighterExcaliburTopViewMasterPrefab.prefab using Guid(ceb2e69d6fcbbcf4eb36a02462f60ce6) Importer(2089858483,192608db42251d675da83286b1cce702) (ScriptedImporter) -> (artifact id: '57043a11ab634bda672cc3cac29652f8') in 0.022885 seconds
Number of updated asset objects reloaded before import = 0Number of asset objects unloaded after import = 67

========================================================================
Received Import Request.
  Time since last request: 0.000019 seconds.
  path: Assets/Stylized 2D Space Shooter - Free/Sprites/Large/Ship_2_A_Large.png
  artifactKey: Guid(70934dd5e4b22074cbfbd39136f80035) Importer(2089858483,192608db42251d675da83286b1cce702)
Start importing Assets/Stylized 2D Space Shooter - Free/Sprites/Large/Ship_2_A_Large.png using Guid(70934dd5e4b22074cbfbd39136f80035) Importer(2089858483,192608db42251d675da83286b1cce702) (ScriptedImporter) -> (artifact id: '00ffb19e66b681cd7ea0521037708ea6') in 0.0106058 seconds
Number of updated asset objects reloaded before import = 0Number of asset objects unloaded after import = 3

========================================================================
Received Import Request.
  Time since last request: 0.000019 seconds.
  path: Assets/Stylized 2D Space Shooter - Free/Sprites/Large/Ship_2_B_Large.png
  artifactKey: Guid(708c8d0522a3ead44a2eee1fade3011a) Importer(2089858483,192608db42251d675da83286b1cce702)
Start importing Assets/Stylized 2D Space Shooter - Free/Sprites/Large/Ship_2_B_Large.png using Guid(708c8d0522a3ead44a2eee1fade3011a) Importer(2089858483,192608db42251d675da83286b1cce702) (ScriptedImporter) -> (artifact id: '7243441ef1198ebc87862b62bf270365') in 0.0103649 seconds
Number of updated asset objects reloaded before import = 0Number of asset objects unloaded after import = 3

========================================================================
Received Import Request.
  Time since last request: 0.000023 seconds.
  path: Assets/2DSpaceshipsFreeTrial/Textures/2DSpaceshipsFreeTrialSideView/2DSpaceshipsFreeTrialAtlasSideViewYellow.png
  artifactKey: Guid(24d9a524c35fc574ea9bdd5836be365e) Importer(2089858483,192608db42251d675da83286b1cce702)
Start importing Assets/2DSpaceshipsFreeTrial/Textures/2DSpaceshipsFreeTrialSideView/2DSpaceshipsFreeTrialAtlasSideViewYellow.png using Guid(24d9a524c35fc574ea9bdd5836be365e) Importer(2089858483,192608db42251d675da83286b1cce702) (ScriptedImporter) -> (artifact id: '545205c64113e6cf8dae9f299094db41') in 0.014963 seconds
Number of updated asset objects reloaded before import = 0Number of asset objects unloaded after import = 5

========================================================================
Received Import Request.
  Time since last request: 0.000016 seconds.
  path: Assets/Copyspright/Pixel Space Shooter - Free/Animations/Rocket_Explosion.anim
  artifactKey: Guid(012ca30f366c94c92bc319f2a71ae9c0) Importer(2089858483,192608db42251d675da83286b1cce702)
Start importing Assets/Copyspright/Pixel Space Shooter - Free/Animations/Rocket_Explosion.anim using Guid(012ca30f366c94c92bc319f2a71ae9c0) Importer(2089858483,192608db42251d675da83286b1cce702) (ScriptedImporter) -> (artifact id: 'e4f8b6addd54cb3668e40b02f70e4803') in 0.0139459 seconds
Number of updated asset objects reloaded before import = 0Number of asset objects unloaded after import = 1

========================================================================
Received Import Request.
  Time since last request: 0.000016 seconds.
  path: Assets/2DSpaceshipsFreeTrial/Textures/2DShipsStandardWeapons/2DShipsStandardWeaponsAtlas.png
  artifactKey: Guid(ea47199b715e6c047909c1486562c340) Importer(2089858483,192608db42251d675da83286b1cce702)
Start importing Assets/2DSpaceshipsFreeTrial/Textures/2DShipsStandardWeapons/2DShipsStandardWeaponsAtlas.png using Guid(ea47199b715e6c047909c1486562c340) Importer(2089858483,192608db42251d675da83286b1cce702) (ScriptedImporter) -> (artifact id: '0d7e9653e7fa9219dafebe64e2fd781c') in 0.0340381 seconds
Number of updated asset objects reloaded before import = 0Number of asset objects unloaded after import = 21

========================================================================
Received Import Request.
  Time since last request: 0.000019 seconds.
  path: Assets/Stylized 2D Space Shooter - Free/Sprites/Large - No light/Boss_1_A_Large_NoLight.png
  artifactKey: Guid(1fbe50aa8ee7dcb4fa40fa76e674d71b) Importer(2089858483,192608db42251d675da83286b1cce702)
Start importing Assets/Stylized 2D Space Shooter - Free/Sprites/Large - No light/Boss_1_A_Large_NoLight.png using Guid(1fbe50aa8ee7dcb4fa40fa76e674d71b) Importer(2089858483,192608db42251d675da83286b1cce702) (ScriptedImporter) -> (artifact id: '4a0b9efa0ff195ab5fd182df62b0e989') in 0.0109541 seconds
Number of updated asset objects reloaded before import = 0Number of asset objects unloaded after import = 3

========================================================================
Received Import Request.
  Time since last request: 0.000024 seconds.
  path: Assets/Stylized 2D Space Shooter - Free/Sprites/Large - No light/Pickup_3_A_Large_NoLight.png
  artifactKey: Guid(b7416e0d320fa5f41a839421f28ff801) Importer(2089858483,192608db42251d675da83286b1cce702)
Start importing Assets/Stylized 2D Space Shooter - Free/Sprites/Large - No light/Pickup_3_A_Large_NoLight.png using Guid(b7416e0d320fa5f41a839421f28ff801) Importer(2089858483,192608db42251d675da83286b1cce702) (ScriptedImporter) -> (artifact id: '5836c2216dd8f5fdad570165b15a9c80') in 0.0096406 seconds
Number of updated asset objects reloaded before import = 0Number of asset objects unloaded after import = 3

========================================================================
Received Import Request.
  Time since last request: 0.000015 seconds.
  path: Assets/Stylized 2D Space Shooter - Free/Sprites/Large - No light/Pickup_3_C_Large_NoLight.png
  artifactKey: Guid(6ff8b765f1c88074ea3ed52dd0473877) Importer(2089858483,192608db42251d675da83286b1cce702)
Start importing Assets/Stylized 2D Space Shooter - Free/Sprites/Large - No light/Pickup_3_C_Large_NoLight.png using Guid(6ff8b765f1c88074ea3ed52dd0473877) Importer(2089858483,192608db42251d675da83286b1cce702) (ScriptedImporter) -> (artifact id: '0add84bd1377d808561244e233ca773e') in 0.0131301 seconds
Number of updated asset objects reloaded before import = 0Number of asset objects unloaded after import = 3

========================================================================
Received Import Request.
  Time since last request: 0.000032 seconds.
  path: Assets/Stylized 2D Space Shooter - Free/Sprites/Large - No light/Enemy_1_D_Large_NoLight.png
  artifactKey: Guid(b43b58aef5e0db04da6f373212e08429) Importer(2089858483,192608db42251d675da83286b1cce702)
Start importing Assets/Stylized 2D Space Shooter - Free/Sprites/Large - No light/Enemy_1_D_Large_NoLight.png using Guid(b43b58aef5e0db04da6f373212e08429) Importer(2089858483,192608db42251d675da83286b1cce702) (ScriptedImporter) -> (artifact id: 'af8540b72121a0c7de35649552a59896') in 0.0100722 seconds
Number of updated asset objects reloaded before import = 0Number of asset objects unloaded after import = 3

========================================================================
Received Import Request.
  Time since last request: 0.000021 seconds.
  path: Assets/Stylized 2D Space Shooter - Free/Sprites/Large - No light/Pickup_1_C_Large_NoLight.png
  artifactKey: Guid(83b1c47731e7e5a47b86eab552201a58) Importer(2089858483,192608db42251d675da83286b1cce702)
Start importing Assets/Stylized 2D Space Shooter - Free/Sprites/Large - No light/Pickup_1_C_Large_NoLight.png using Guid(83b1c47731e7e5a47b86eab552201a58) Importer(2089858483,192608db42251d675da83286b1cce702) (ScriptedImporter) -> (artifact id: 'd6de1a2b6ea10a0a3c04cb87c7eb376c') in 0.0105904 seconds
Number of updated asset objects reloaded before import = 0Number of asset objects unloaded after import = 3

========================================================================
Received Import Request.
  Time since last request: 0.000017 seconds.
  path: Assets/Stylized 2D Space Shooter - Free/Sprites/Large - No light/Enemy_3_A_Large_NoLight.png
  artifactKey: Guid(369b741b49fac51408e400f6c124fc7c) Importer(2089858483,192608db42251d675da83286b1cce702)
Start importing Assets/Stylized 2D Space Shooter - Free/Sprites/Large - No light/Enemy_3_A_Large_NoLight.png using Guid(369b741b49fac51408e400f6c124fc7c) Importer(2089858483,192608db42251d675da83286b1cce702) (ScriptedImporter) -> (artifact id: 'd0f822b3e46a1c77949a1e818c242c07') in 0.0099148 seconds
Number of updated asset objects reloaded before import = 0Number of asset objects unloaded after import = 3

========================================================================
Received Import Request.
  Time since last request: 0.000026 seconds.
  path: Assets/Stylized 2D Space Shooter - Free/Sprites/Large - No light/Pickup_2_E_Large_NoLight.png
  artifactKey: Guid(7b92f246880a755409f36ce693614556) Importer(2089858483,192608db42251d675da83286b1cce702)
Start importing Assets/Stylized 2D Space Shooter - Free/Sprites/Large - No light/Pickup_2_E_Large_NoLight.png using Guid(7b92f246880a755409f36ce693614556) Importer(2089858483,192608db42251d675da83286b1cce702) (ScriptedImporter) -> (artifact id: 'd5f1b8ecdcea80e52bc0dd0475bcb3eb') in 0.0150954 seconds
Number of updated asset objects reloaded before import = 0Number of asset objects unloaded after import = 3

========================================================================
Received Import Request.
  Time since last request: 0.000018 seconds.
  path: Assets/Stylized 2D Space Shooter - Free/Sprites/Large - No light/Pickup_2_C_Large_NoLight.png
  artifactKey: Guid(ab7dc66c345657b47809156ec4f67f91) Importer(2089858483,192608db42251d675da83286b1cce702)
Start importing Assets/Stylized 2D Space Shooter - Free/Sprites/Large - No light/Pickup_2_C_Large_NoLight.png using Guid(ab7dc66c345657b47809156ec4f67f91) Importer(2089858483,192608db42251d675da83286b1cce702) (ScriptedImporter) -> (artifact id: 'd37b1a8602735ec097a9668ba75d59e0') in 0.0209214 seconds
Number of updated asset objects reloaded before import = 0Number of asset objects unloaded after import = 3

========================================================================
Received Import Request.
  Time since last request: 0.000039 seconds.
  path: Assets/2DSpaceshipsFreeTrial/Textures/2DSpaceshipsFreeTrialSideView/2DSpaceshipsFreeTrialAtlasSideViewGreen.png
  artifactKey: Guid(26a2179056f52e84197710b10f17ea78) Importer(2089858483,192608db42251d675da83286b1cce702)
Start importing Assets/2DSpaceshipsFreeTrial/Textures/2DSpaceshipsFreeTrialSideView/2DSpaceshipsFreeTrialAtlasSideViewGreen.png using Guid(26a2179056f52e84197710b10f17ea78) Importer(2089858483,192608db42251d675da83286b1cce702) (ScriptedImporter) -> (artifact id: '8a83d7d4e5132dbdd773f7f42d22939b') in 0.0153572 seconds
Number of updated asset objects reloaded before import = 0Number of asset objects unloaded after import = 5

========================================================================
Received Import Request.
  Time since last request: 0.000016 seconds.
  path: Assets/Stylized 2D Space Shooter - Free/Sprites/Large/Enemy_3_B_Large.png
  artifactKey: Guid(46dd7cff60a276b4182d0160d7c6e7be) Importer(2089858483,192608db42251d675da83286b1cce702)
Start importing Assets/Stylized 2D Space Shooter - Free/Sprites/Large/Enemy_3_B_Large.png using Guid(46dd7cff60a276b4182d0160d7c6e7be) Importer(2089858483,192608db42251d675da83286b1cce702) (ScriptedImporter) -> (artifact id: '12eeb17b42e93539e6ac17265b218e1b') in 0.0112479 seconds
Number of updated asset objects reloaded before import = 0Number of asset objects unloaded after import = 3

========================================================================
Received Import Request.
  Time since last request: 0.000016 seconds.
  path: Assets/Scripts/FighterAttack/CreateAttackObject.cs
  artifactKey: Guid(d40f88a206637264fb795ccba84d5dac) Importer(2089858483,192608db42251d675da83286b1cce702)
Start importing Assets/Scripts/FighterAttack/CreateAttackObject.cs using Guid(d40f88a206637264fb795ccba84d5dac) Importer(2089858483,192608db42251d675da83286b1cce702) (ScriptedImporter) -> (artifact id: '08e273ec3fdd2c0ec21792372b14a3c5') in 0.0035543 seconds
Number of updated asset objects reloaded before import = 0Number of asset objects unloaded after import = 0

========================================================================
Received Import Request.
  Time since last request: 0.000018 seconds.
  path: Assets/Stylized 2D Space Shooter - Free/Sprites/Large/Ship_1_A_Large.png
  artifactKey: Guid(0eac6039300f41144a5d8408fbaeec38) Importer(2089858483,192608db42251d675da83286b1cce702)
Start importing Assets/Stylized 2D Space Shooter - Free/Sprites/Large/Ship_1_A_Large.png using Guid(0eac6039300f41144a5d8408fbaeec38) Importer(2089858483,192608db42251d675da83286b1cce702) (ScriptedImporter) -> (artifact id: '91e97c7cc9411f26fa316b73dba54fbf') in 0.0113416 seconds
Number of updated asset objects reloaded before import = 0Number of asset objects unloaded after import = 3

========================================================================
Received Import Request.
  Time since last request: 0.000019 seconds.
  path: Assets/Stylized 2D Space Shooter - Free/Sprites/Large/Ship_1_B_Large.png
  artifactKey: Guid(24f34ebe479ade249bb78bc2c1d10d11) Importer(2089858483,192608db42251d675da83286b1cce702)
Start importing Assets/Stylized 2D Space Shooter - Free/Sprites/Large/Ship_1_B_Large.png using Guid(24f34ebe479ade249bb78bc2c1d10d11) Importer(2089858483,192608db42251d675da83286b1cce702) (ScriptedImporter) -> (artifact id: '274f7d93241375969d9f19e69c88f926') in 0.0151222 seconds
Number of updated asset objects reloaded before import = 0Number of asset objects unloaded after import = 3

========================================================================
Received Import Request.
  Time since last request: 0.000024 seconds.
  path: Assets/Stylized 2D Space Shooter - Free/Sprites/Medium - No light/Enemy_2_A_Medium_NoLight.png
  artifactKey: Guid(5ce4a97769ad0df45a790cf9ec5fc0ad) Importer(2089858483,192608db42251d675da83286b1cce702)
Start importing Assets/Stylized 2D Space Shooter - Free/Sprites/Medium - No light/Enemy_2_A_Medium_NoLight.png using Guid(5ce4a97769ad0df45a790cf9ec5fc0ad) Importer(2089858483,192608db42251d675da83286b1cce702) (ScriptedImporter) -> (artifact id: '11966b8e5d1ada1ee06d5200a5be6ce4') in 0.0104713 seconds
Number of updated asset objects reloaded before import = 0Number of asset objects unloaded after import = 3

========================================================================
Received Import Request.
  Time since last request: 0.000027 seconds.
  path: Assets/Stylized 2D Space Shooter - Free/Sprites/Medium/Ship_2_C_Medium.png
  artifactKey: Guid(6bdc55fa15037804eb4bf073c9a71238) Importer(2089858483,192608db42251d675da83286b1cce702)
Start importing Assets/Stylized 2D Space Shooter - Free/Sprites/Medium/Ship_2_C_Medium.png using Guid(6bdc55fa15037804eb4bf073c9a71238) Importer(2089858483,192608db42251d675da83286b1cce702) (ScriptedImporter) -> (artifact id: 'd0a50d408defa5ae0f27329088a6a9f0') in 0.0117459 seconds
Number of updated asset objects reloaded before import = 0Number of asset objects unloaded after import = 3

========================================================================
Received Import Request.
  Time since last request: 0.000018 seconds.
  path: Assets/Stylized 2D Space Shooter - Free/Sprites/Medium/Ship_2_D_Medium.png
  artifactKey: Guid(03aa81dd0ddd1c74ea3ecc4f5044ce41) Importer(2089858483,192608db42251d675da83286b1cce702)
Start importing Assets/Stylized 2D Space Shooter - Free/Sprites/Medium/Ship_2_D_Medium.png using Guid(03aa81dd0ddd1c74ea3ecc4f5044ce41) Importer(2089858483,192608db42251d675da83286b1cce702) (ScriptedImporter) -> (artifact id: '8f5666483d86ad2b6057b7fee56844b9') in 0.0101293 seconds
Number of updated asset objects reloaded before import = 0Number of asset objects unloaded after import = 3

========================================================================
Received Import Request.
  Time since last request: 0.000019 seconds.
  path: Assets/Stylized 2D Space Shooter - Free/Sprites/Medium/Enemy_1_C_Medium.png
  artifactKey: Guid(a696aedc20f96ca42be97fda786a93e3) Importer(2089858483,192608db42251d675da83286b1cce702)
Start importing Assets/Stylized 2D Space Shooter - Free/Sprites/Medium/Enemy_1_C_Medium.png using Guid(a696aedc20f96ca42be97fda786a93e3) Importer(2089858483,192608db42251d675da83286b1cce702) (ScriptedImporter) -> (artifact id: '12886673bc9b8f25b05d78b3a0ead38e') in 0.0134038 seconds
Number of updated asset objects reloaded before import = 0Number of asset objects unloaded after import = 3

========================================================================
Received Import Request.
  Time since last request: 0.000037 seconds.
  path: Assets/Stylized 2D Space Shooter - Free/Sprites/Medium - No light/Enemy_1_A_Medium_NoLight.png
  artifactKey: Guid(fb2edaadc51315c49893cdd77a92fc0c) Importer(2089858483,192608db42251d675da83286b1cce702)
Start importing Assets/Stylized 2D Space Shooter - Free/Sprites/Medium - No light/Enemy_1_A_Medium_NoLight.png using Guid(fb2edaadc51315c49893cdd77a92fc0c) Importer(2089858483,192608db42251d675da83286b1cce702) (ScriptedImporter) -> (artifact id: '03cd4d6027933d8623180b806b39e4aa') in 0.0122315 seconds
Number of updated asset objects reloaded before import = 0Number of asset objects unloaded after import = 3

========================================================================
Received Import Request.
  Time since last request: 0.000017 seconds.
  path: Assets/Stylized 2D Space Shooter - Free/Sprites/Medium/Pickup_1_A_Medium.png
  artifactKey: Guid(1f962794decd2ba46b58b7fbcb6d786a) Importer(2089858483,192608db42251d675da83286b1cce702)
Start importing Assets/Stylized 2D Space Shooter - Free/Sprites/Medium/Pickup_1_A_Medium.png using Guid(1f962794decd2ba46b58b7fbcb6d786a) Importer(2089858483,192608db42251d675da83286b1cce702) (ScriptedImporter) -> (artifact id: '55de58a7a9025ae7779d774f553ad110') in 0.0095425 seconds
Number of updated asset objects reloaded before import = 0Number of asset objects unloaded after import = 3

========================================================================
Received Import Request.
  Time since last request: 0.000016 seconds.
  path: Assets/Stylized 2D Space Shooter - Free/Sprites/Medium/Ship_1_B_Medium.png
  artifactKey: Guid(71651a718f4c40b4b99b5a6f14c72c30) Importer(2089858483,192608db42251d675da83286b1cce702)
Start importing Assets/Stylized 2D Space Shooter - Free/Sprites/Medium/Ship_1_B_Medium.png using Guid(71651a718f4c40b4b99b5a6f14c72c30) Importer(2089858483,192608db42251d675da83286b1cce702) (ScriptedImporter) -> (artifact id: '7353061827f16808d89b962febcdd0bb') in 0.0105232 seconds
Number of updated asset objects reloaded before import = 0Number of asset objects unloaded after import = 3

========================================================================
Received Import Request.
  Time since last request: 0.000015 seconds.
  path: Assets/Stylized 2D Space Shooter - Free/Sprites/Medium/Pickup_1_D_Medium.png
  artifactKey: Guid(822f5e557cfa3a1488f3c60eac3b9574) Importer(2089858483,192608db42251d675da83286b1cce702)
Start importing Assets/Stylized 2D Space Shooter - Free/Sprites/Medium/Pickup_1_D_Medium.png using Guid(822f5e557cfa3a1488f3c60eac3b9574) Importer(2089858483,192608db42251d675da83286b1cce702) (ScriptedImporter) -> (artifact id: '5a20bc35648cb0c6ec62300d18aeda4d') in 0.0142582 seconds
Number of updated asset objects reloaded before import = 0Number of asset objects unloaded after import = 3

========================================================================
Received Import Request.
  Time since last request: 0.000033 seconds.
  path: Assets/Stylized 2D Space Shooter - Free/Sprites/Medium/Missile_B_Medium.png
  artifactKey: Guid(da523ed5c48806d4eb784bc9360ed0de) Importer(2089858483,192608db42251d675da83286b1cce702)
Start importing Assets/Stylized 2D Space Shooter - Free/Sprites/Medium/Missile_B_Medium.png using Guid(da523ed5c48806d4eb784bc9360ed0de) Importer(2089858483,192608db42251d675da83286b1cce702) (ScriptedImporter) -> (artifact id: '368dc21c754b5877afa5b1cfd492550f') in 0.0109779 seconds
Number of updated asset objects reloaded before import = 0Number of asset objects unloaded after import = 3

========================================================================
Received Import Request.
  Time since last request: 0.000013 seconds.
  path: Assets/Stylized 2D Space Shooter - Free/Sprites/Medium/Enemy_3_B_Medium.png
  artifactKey: Guid(818740ff7053677409557ac70aec2cbd) Importer(2089858483,192608db42251d675da83286b1cce702)
Start importing Assets/Stylized 2D Space Shooter - Free/Sprites/Medium/Enemy_3_B_Medium.png using Guid(818740ff7053677409557ac70aec2cbd) Importer(2089858483,192608db42251d675da83286b1cce702) (ScriptedImporter) -> (artifact id: 'dfd62385581e6cc0ac9858971a041330') in 0.0126992 seconds
Number of updated asset objects reloaded before import = 0Number of asset objects unloaded after import = 3

========================================================================
Received Import Request.
  Time since last request: 0.000015 seconds.
  path: Assets/Stylized 2D Space Shooter - Free/Sprites/Medium/Missile_C_Medium.png
  artifactKey: Guid(3c3875f2a29db15409577e3d7db63718) Importer(2089858483,192608db42251d675da83286b1cce702)
Start importing Assets/Stylized 2D Space Shooter - Free/Sprites/Medium/Missile_C_Medium.png using Guid(3c3875f2a29db15409577e3d7db63718) Importer(2089858483,192608db42251d675da83286b1cce702) (ScriptedImporter) -> (artifact id: '93abd8356e351917465456e6befedea8') in 0.0105874 seconds
Number of updated asset objects reloaded before import = 0Number of asset objects unloaded after import = 3

========================================================================
Received Import Request.
  Time since last request: 0.000022 seconds.
  path: Assets/2DSpaceshipsFreeTrial/Textures/2DSpaceshipsFreeTrialSideView/2DSpaceshipsFreeTrialAtlasSideViewRed2.png
  artifactKey: Guid(b3f1aef19743f8445aa4f664e87ad84f) Importer(2089858483,192608db42251d675da83286b1cce702)
Start importing Assets/2DSpaceshipsFreeTrial/Textures/2DSpaceshipsFreeTrialSideView/2DSpaceshipsFreeTrialAtlasSideViewRed2.png using Guid(b3f1aef19743f8445aa4f664e87ad84f) Importer(2089858483,192608db42251d675da83286b1cce702) (ScriptedImporter) -> (artifact id: '0d4cc3d5f3e38bdff56c60bfd6c18755') in 0.0173955 seconds
Number of updated asset objects reloaded before import = 0Number of asset objects unloaded after import = 5

========================================================================
Received Import Request.
  Time since last request: 0.000035 seconds.
  path: Assets/Stylized 2D Space Shooter - Free/Sprites/Medium - No light/Ship_1_E_Medium_NoLight.png
  artifactKey: Guid(7a264b30359be4544914613004a9be54) Importer(2089858483,192608db42251d675da83286b1cce702)
Start importing Assets/Stylized 2D Space Shooter - Free/Sprites/Medium - No light/Ship_1_E_Medium_NoLight.png using Guid(7a264b30359be4544914613004a9be54) Importer(2089858483,192608db42251d675da83286b1cce702) (ScriptedImporter) -> (artifact id: 'abc475d42dee12994e22f25ea1786111') in 0.0121616 seconds
Number of updated asset objects reloaded before import = 0Number of asset objects unloaded after import = 3

========================================================================
Received Import Request.
  Time since last request: 0.000015 seconds.
  path: Assets/Stylized 2D Space Shooter - Free/Sprites/Medium - No light/Pickup_2_C_Medium_NoLight.png
  artifactKey: Guid(815a7c805bf037d40947554ac30acc72) Importer(2089858483,192608db42251d675da83286b1cce702)
Start importing Assets/Stylized 2D Space Shooter - Free/Sprites/Medium - No light/Pickup_2_C_Medium_NoLight.png using Guid(815a7c805bf037d40947554ac30acc72) Importer(2089858483,192608db42251d675da83286b1cce702) (ScriptedImporter) -> (artifact id: '46f81ccd331eee9c8274f5e6481a5a06') in 0.0139631 seconds
Number of updated asset objects reloaded before import = 0Number of asset objects unloaded after import = 3

========================================================================
Received Import Request.
  Time since last request: 0.000041 seconds.
  path: Assets/Stylized 2D Space Shooter - Free/Sprites/Medium - No light/Ship_1_D_Medium_NoLight.png
  artifactKey: Guid(d961bd83e44a14544a59c2df249fbd53) Importer(2089858483,192608db42251d675da83286b1cce702)
Start importing Assets/Stylized 2D Space Shooter - Free/Sprites/Medium - No light/Ship_1_D_Medium_NoLight.png using Guid(d961bd83e44a14544a59c2df249fbd53) Importer(2089858483,192608db42251d675da83286b1cce702) (ScriptedImporter) -> (artifact id: '5d40d4cbc6803fad5381609786adbd56') in 0.0091811 seconds
Number of updated asset objects reloaded before import = 0Number of asset objects unloaded after import = 3

========================================================================
Received Import Request.
  Time since last request: 0.000041 seconds.
  path: Assets/Stylized 2D Space Shooter - Free/Sprites/Small/Enemy_4_A_Small.png
  artifactKey: Guid(8658726918f0f1c40a7c47bdaea61ef0) Importer(2089858483,192608db42251d675da83286b1cce702)
Start importing Assets/Stylized 2D Space Shooter - Free/Sprites/Small/Enemy_4_A_Small.png using Guid(8658726918f0f1c40a7c47bdaea61ef0) Importer(2089858483,192608db42251d675da83286b1cce702) (ScriptedImporter) -> (artifact id: 'd0e6ae6213495dd484231d2040e9a86e') in 0.0111275 seconds
Number of updated asset objects reloaded before import = 0Number of asset objects unloaded after import = 3

========================================================================
Received Import Request.
  Time since last request: 0.000021 seconds.
  path: Assets/Stylized 2D Space Shooter - Free/Sprites/Medium - No light/Pickup_1_E_Medium_NoLight.png
  artifactKey: Guid(2f5f2a37c1b470f409e3401294647918) Importer(2089858483,192608db42251d675da83286b1cce702)
Start importing Assets/Stylized 2D Space Shooter - Free/Sprites/Medium - No light/Pickup_1_E_Medium_NoLight.png using Guid(2f5f2a37c1b470f409e3401294647918) Importer(2089858483,192608db42251d675da83286b1cce702) (ScriptedImporter) -> (artifact id: '41c7c892ad6ba876770f98057e9d6b21') in 0.0101239 seconds
Number of updated asset objects reloaded before import = 0Number of asset objects unloaded after import = 3

========================================================================
Received Import Request.
  Time since last request: 0.000030 seconds.
  path: Assets/Stylized 2D Space Shooter - Free/Sprites/Small/Pickup_1_B_Small.png
  artifactKey: Guid(4796f23bb31c05047829704e1b26e849) Importer(2089858483,192608db42251d675da83286b1cce702)
Start importing Assets/Stylized 2D Space Shooter - Free/Sprites/Small/Pickup_1_B_Small.png using Guid(4796f23bb31c05047829704e1b26e849) Importer(2089858483,192608db42251d675da83286b1cce702) (ScriptedImporter) -> (artifact id: 'ecc486471a7746e5991f4a84fe4c423d') in 0.0145573 seconds
Number of updated asset objects reloaded before import = 0Number of asset objects unloaded after import = 3

========================================================================
Received Import Request.
  Time since last request: 0.000024 seconds.
  path: Assets/Stylized 2D Space Shooter - Free/Sprites/Medium - No light/Ship_1_B_Medium_NoLight.png
  artifactKey: Guid(e453efb2320ec544e81b5f2ea1858e88) Importer(2089858483,192608db42251d675da83286b1cce702)
Start importing Assets/Stylized 2D Space Shooter - Free/Sprites/Medium - No light/Ship_1_B_Medium_NoLight.png using Guid(e453efb2320ec544e81b5f2ea1858e88) Importer(2089858483,192608db42251d675da83286b1cce702) (ScriptedImporter) -> (artifact id: '0115cc732212238858f116c07c3a84b8') in 0.0133443 seconds
Number of updated asset objects reloaded before import = 0Number of asset objects unloaded after import = 3

========================================================================
Received Import Request.
  Time since last request: 0.000018 seconds.
  path: Assets/Stylized 2D Space Shooter - Free/Sprites/Small/Enemy_1_A_Small.png
  artifactKey: Guid(11302027383f1504a8c8b761623905fd) Importer(2089858483,192608db42251d675da83286b1cce702)
Start importing Assets/Stylized 2D Space Shooter - Free/Sprites/Small/Enemy_1_A_Small.png using Guid(11302027383f1504a8c8b761623905fd) Importer(2089858483,192608db42251d675da83286b1cce702) (ScriptedImporter) -> (artifact id: '8d160105fa35b049ee53de945f3152eb') in 0.0178278 seconds
Number of updated asset objects reloaded before import = 0Number of asset objects unloaded after import = 3

========================================================================
Received Import Request.
  Time since last request: 0.000026 seconds.
  path: Assets/Stylized 2D Space Shooter - Free/Sprites/Medium - No light/Pickup_3_E_Medium_NoLight.png
  artifactKey: Guid(b713b83be94ae9947b33e4f934826910) Importer(2089858483,192608db42251d675da83286b1cce702)
Start importing Assets/Stylized 2D Space Shooter - Free/Sprites/Medium - No light/Pickup_3_E_Medium_NoLight.png using Guid(b713b83be94ae9947b33e4f934826910) Importer(2089858483,192608db42251d675da83286b1cce702) (ScriptedImporter) -> (artifact id: 'ec54d12ab7983e92533f7fece62b62e7') in 0.0106843 seconds
Number of updated asset objects reloaded before import = 0Number of asset objects unloaded after import = 3

========================================================================
Received Import Request.
  Time since last request: 0.000027 seconds.
  path: Assets/Stylized 2D Space Shooter - Free/Sprites/Small/Enemy_3_A_Small.png
  artifactKey: Guid(f8f5d0edf47947547b0b75388f5d204c) Importer(2089858483,192608db42251d675da83286b1cce702)
Start importing Assets/Stylized 2D Space Shooter - Free/Sprites/Small/Enemy_3_A_Small.png using Guid(f8f5d0edf47947547b0b75388f5d204c) Importer(2089858483,192608db42251d675da83286b1cce702) (ScriptedImporter) -> (artifact id: '01a8a42d5d7dcf4f7fde18d352550a0f') in 0.0091858 seconds
Number of updated asset objects reloaded before import = 0Number of asset objects unloaded after import = 3

========================================================================
Received Import Request.
  Time since last request: 0.000020 seconds.
  path: Assets/Stylized 2D Space Shooter - Free/Sprites/Small/Enemy_1_D_Small.png
  artifactKey: Guid(8e3dba757ca69914da0a4a1c8783fd86) Importer(2089858483,192608db42251d675da83286b1cce702)
Start importing Assets/Stylized 2D Space Shooter - Free/Sprites/Small/Enemy_1_D_Small.png using Guid(8e3dba757ca69914da0a4a1c8783fd86) Importer(2089858483,192608db42251d675da83286b1cce702) (ScriptedImporter) -> (artifact id: 'ee5df8a19bfa75ae12f9b5dbca1589a8') in 0.0094638 seconds
Number of updated asset objects reloaded before import = 0Number of asset objects unloaded after import = 3

========================================================================
Received Import Request.
  Time since last request: 0.000032 seconds.
  path: Assets/Stylized 2D Space Shooter - Free/Sprites/Medium/Enemy_1_A_Medium.png
  artifactKey: Guid(2da3afa9b3caa7741be2ecab49e750e0) Importer(2089858483,192608db42251d675da83286b1cce702)
Start importing Assets/Stylized 2D Space Shooter - Free/Sprites/Medium/Enemy_1_A_Medium.png using Guid(2da3afa9b3caa7741be2ecab49e750e0) Importer(2089858483,192608db42251d675da83286b1cce702) (ScriptedImporter) -> (artifact id: '5121a46f87a142e0699ad971b31e3db5') in 0.0107081 seconds
Number of updated asset objects reloaded before import = 0Number of asset objects unloaded after import = 3

========================================================================
Received Import Request.
  Time since last request: 0.000020 seconds.
  path: Assets/Stylized 2D Space Shooter - Free/Sprites/Large - No light/Missile_D_Large_NoLight.png
  artifactKey: Guid(1f974d419cb71ba4d960b2e2815b7ee8) Importer(2089858483,192608db42251d675da83286b1cce702)
Start importing Assets/Stylized 2D Space Shooter - Free/Sprites/Large - No light/Missile_D_Large_NoLight.png using Guid(1f974d419cb71ba4d960b2e2815b7ee8) Importer(2089858483,192608db42251d675da83286b1cce702) (ScriptedImporter) -> (artifact id: 'ea37ee1297b1d8344afe9b853704ca37') in 0.0118653 seconds
Number of updated asset objects reloaded before import = 0Number of asset objects unloaded after import = 3

========================================================================
Received Import Request.
  Time since last request: 0.000015 seconds.
  path: Assets/Stylized 2D Space Shooter - Free/Sprites/Small - No light/Missile_B_Small_NoLight.png
  artifactKey: Guid(067a8b8f6da92b945ac30f64fe75ad0d) Importer(2089858483,192608db42251d675da83286b1cce702)
Start importing Assets/Stylized 2D Space Shooter - Free/Sprites/Small - No light/Missile_B_Small_NoLight.png using Guid(067a8b8f6da92b945ac30f64fe75ad0d) Importer(2089858483,192608db42251d675da83286b1cce702) (ScriptedImporter) -> (artifact id: 'fd10a10faecb08f3575484bf63e4d329') in 0.0097435 seconds
Number of updated asset objects reloaded before import = 0Number of asset objects unloaded after import = 3

========================================================================
Received Import Request.
  Time since last request: 0.000017 seconds.
  path: Assets/Stylized 2D Space Shooter - Free/Sprites/Small - No light/Pickup_1_E_Small_NoLight.png
  artifactKey: Guid(691fdd96e8f2f0540b6b598d5368bafd) Importer(2089858483,192608db42251d675da83286b1cce702)
Start importing Assets/Stylized 2D Space Shooter - Free/Sprites/Small - No light/Pickup_1_E_Small_NoLight.png using Guid(691fdd96e8f2f0540b6b598d5368bafd) Importer(2089858483,192608db42251d675da83286b1cce702) (ScriptedImporter) -> (artifact id: 'c4ac2dd3156553b7e80f7ad8117b7f18') in 0.0094828 seconds
Number of updated asset objects reloaded before import = 0Number of asset objects unloaded after import = 3

========================================================================
Received Import Request.
  Time since last request: 0.000017 seconds.
  path: Assets/Stylized 2D Space Shooter - Free/Sprites/Small - No light/Pickup_3_B_Small_NoLight.png
  artifactKey: Guid(190f4994934bd734688cd7e928bc2ace) Importer(2089858483,192608db42251d675da83286b1cce702)
Start importing Assets/Stylized 2D Space Shooter - Free/Sprites/Small - No light/Pickup_3_B_Small_NoLight.png using Guid(190f4994934bd734688cd7e928bc2ace) Importer(2089858483,192608db42251d675da83286b1cce702) (ScriptedImporter) -> (artifact id: 'e1b05586f757309722d98971340c5e8f') in 0.010746 seconds
Number of updated asset objects reloaded before import = 0Number of asset objects unloaded after import = 3

========================================================================
Received Import Request.
  Time since last request: 0.000039 seconds.
  path: Assets/Stylized 2D Space Shooter - Free/Sprites/Small - No light/Enemy_4_C_Small_NoLight.png
  artifactKey: Guid(4410ed0093e08684ba304ee68ab6ffd0) Importer(2089858483,192608db42251d675da83286b1cce702)
Start importing Assets/Stylized 2D Space Shooter - Free/Sprites/Small - No light/Enemy_4_C_Small_NoLight.png using Guid(4410ed0093e08684ba304ee68ab6ffd0) Importer(2089858483,192608db42251d675da83286b1cce702) (ScriptedImporter) -> (artifact id: 'ead7ceedb9e6342c9838e1dc2ae99b1d') in 0.0122834 seconds
Number of updated asset objects reloaded before import = 0Number of asset objects unloaded after import = 3

========================================================================
Received Import Request.
  Time since last request: 0.000017 seconds.
  path: Assets/Stylized 2D Space Shooter - Free/Sprites/Small - No light/Missile_C_Small_NoLight.png
  artifactKey: Guid(9baa2779b44723a459b16cdd82693d75) Importer(2089858483,192608db42251d675da83286b1cce702)
Start importing Assets/Stylized 2D Space Shooter - Free/Sprites/Small - No light/Missile_C_Small_NoLight.png using Guid(9baa2779b44723a459b16cdd82693d75) Importer(2089858483,192608db42251d675da83286b1cce702) (ScriptedImporter) -> (artifact id: '532291c113dc3ada109c4f3432505bb1') in 0.0110178 seconds
Number of updated asset objects reloaded before import = 0Number of asset objects unloaded after import = 3

========================================================================
Received Import Request.
  Time since last request: 0.000017 seconds.
  path: Assets/Stylized 2D Space Shooter - Free/Sprites/Small - No light/Enemy_2_B_Small_NoLight.png
  artifactKey: Guid(59a1d99e90085514fb1a9058c67f2c54) Importer(2089858483,192608db42251d675da83286b1cce702)
Start importing Assets/Stylized 2D Space Shooter - Free/Sprites/Small - No light/Enemy_2_B_Small_NoLight.png using Guid(59a1d99e90085514fb1a9058c67f2c54) Importer(2089858483,192608db42251d675da83286b1cce702) (ScriptedImporter) -> (artifact id: '2469200fba2057ef8a98e67a83456050') in 0.0100066 seconds
Number of updated asset objects reloaded before import = 0Number of asset objects unloaded after import = 3

========================================================================
Received Import Request.
  Time since last request: 0.000034 seconds.
  path: Assets/Stylized 2D Space Shooter - Free/Sprites/Small - No light/Pickup_2_A_Small_NoLight.png
  artifactKey: Guid(35ba2e6f5ba637e4da0f4849fe1262de) Importer(2089858483,192608db42251d675da83286b1cce702)
Start importing Assets/Stylized 2D Space Shooter - Free/Sprites/Small - No light/Pickup_2_A_Small_NoLight.png using Guid(35ba2e6f5ba637e4da0f4849fe1262de) Importer(2089858483,192608db42251d675da83286b1cce702) (ScriptedImporter) -> (artifact id: '107bebfecdbc9ff38d7fe78f1527f1b1') in 0.0112121 seconds
Number of updated asset objects reloaded before import = 0Number of asset objects unloaded after import = 3

========================================================================
Received Import Request.
  Time since last request: 0.000017 seconds.
  path: Assets/Stylized 2D Space Shooter - Free/Sprites/Small - No light/Pickup_3_C_Small_NoLight.png
  artifactKey: Guid(bd5ad0ed1e6be584fae2694b56c4b8dc) Importer(2089858483,192608db42251d675da83286b1cce702)
Start importing Assets/Stylized 2D Space Shooter - Free/Sprites/Small - No light/Pickup_3_C_Small_NoLight.png using Guid(bd5ad0ed1e6be584fae2694b56c4b8dc) Importer(2089858483,192608db42251d675da83286b1cce702) (ScriptedImporter) -> (artifact id: '010b084ef4edb8d10e784f30cceab350') in 0.0152903 seconds
Number of updated asset objects reloaded before import = 0Number of asset objects unloaded after import = 3

========================================================================
Received Import Request.
  Time since last request: 0.000018 seconds.
  path: Assets/Stylized 2D Space Shooter - Free/Sprites/Small - No light/Enemy_1_C_Small_NoLight.png
  artifactKey: Guid(c6a325c8f9bf9954998df07268e7bd76) Importer(2089858483,192608db42251d675da83286b1cce702)
Start importing Assets/Stylized 2D Space Shooter - Free/Sprites/Small - No light/Enemy_1_C_Small_NoLight.png using Guid(c6a325c8f9bf9954998df07268e7bd76) Importer(2089858483,192608db42251d675da83286b1cce702) (ScriptedImporter) -> (artifact id: '59c418183c64616d03f7f16e789f8a69') in 0.0116473 seconds
Number of updated asset objects reloaded before import = 0Number of asset objects unloaded after import = 3

========================================================================
Received Import Request.
  Time since last request: 0.000027 seconds.
  path: Assets/Stylized 2D Space Shooter - Free/Sprites/Small/Ship_2_C_Small.png
  artifactKey: Guid(73fc91329ea599f41a09bace6b5dbaf7) Importer(2089858483,192608db42251d675da83286b1cce702)
Start importing Assets/Stylized 2D Space Shooter - Free/Sprites/Small/Ship_2_C_Small.png using Guid(73fc91329ea599f41a09bace6b5dbaf7) Importer(2089858483,192608db42251d675da83286b1cce702) (ScriptedImporter) -> (artifact id: 'fb31995403ad896153f2c51ae98ce6de') in 0.011131 seconds
Number of updated asset objects reloaded before import = 0Number of asset objects unloaded after import = 3

========================================================================
Received Import Request.
  Time since last request: 0.000027 seconds.
  path: Assets/Stylized 2D Space Shooter - Free/Sprites/Small/Pickup_3_B_Small.png
  artifactKey: Guid(d66ff8e17a1a9f74baab78a0bd045923) Importer(2089858483,192608db42251d675da83286b1cce702)
Start importing Assets/Stylized 2D Space Shooter - Free/Sprites/Small/Pickup_3_B_Small.png using Guid(d66ff8e17a1a9f74baab78a0bd045923) Importer(2089858483,192608db42251d675da83286b1cce702) (ScriptedImporter) -> (artifact id: '648c67d9dd0688a3c9fea1d9c2e3b3bc') in 0.0108284 seconds
Number of updated asset objects reloaded before import = 0Number of asset objects unloaded after import = 3

========================================================================
Received Import Request.
  Time since last request: 0.000017 seconds.
  path: Assets/Stylized 2D Space Shooter - Free/Sprites/Small - No light/Pickup_2_E_Small_NoLight.png
  artifactKey: Guid(a576ab06a0a3ee74e8df688b641de608) Importer(2089858483,192608db42251d675da83286b1cce702)
Start importing Assets/Stylized 2D Space Shooter - Free/Sprites/Small - No light/Pickup_2_E_Small_NoLight.png using Guid(a576ab06a0a3ee74e8df688b641de608) Importer(2089858483,192608db42251d675da83286b1cce702) (ScriptedImporter) -> (artifact id: '106c3c62bcc888206e55b5768524bb9a') in 0.0124824 seconds
Number of updated asset objects reloaded before import = 0Number of asset objects unloaded after import = 3

========================================================================
Received Import Request.
  Time since last request: 0.000019 seconds.
  path: Assets/Stylized 2D Space Shooter - Free/Sprites/Small/Ship_1_C_Small.png
  artifactKey: Guid(51da9338945cbae42a542c75da040462) Importer(2089858483,192608db42251d675da83286b1cce702)
Start importing Assets/Stylized 2D Space Shooter - Free/Sprites/Small/Ship_1_C_Small.png using Guid(51da9338945cbae42a542c75da040462) Importer(2089858483,192608db42251d675da83286b1cce702) (ScriptedImporter) -> (artifact id: 'b2dd25250642c47af979c51083bda6a1') in 0.0104783 seconds
Number of updated asset objects reloaded before import = 0Number of asset objects unloaded after import = 3

========================================================================
Received Import Request.
  Time since last request: 0.000016 seconds.
  path: Assets/Stylized 2D Space Shooter - Free/Sprites/Medium - No light/Enemy_4_D_Medium_NoLight.png
  artifactKey: Guid(12fe725c9a9ea15408e4694db6f9cff4) Importer(2089858483,192608db42251d675da83286b1cce702)
Start importing Assets/Stylized 2D Space Shooter - Free/Sprites/Medium - No light/Enemy_4_D_Medium_NoLight.png using Guid(12fe725c9a9ea15408e4694db6f9cff4) Importer(2089858483,192608db42251d675da83286b1cce702) (ScriptedImporter) -> (artifact id: 'd279b0bc18c3d62eab1f5fc45b37cb81') in 0.0097646 seconds
Number of updated asset objects reloaded before import = 0Number of asset objects unloaded after import = 3

========================================================================
Received Import Request.
  Time since last request: 0.000017 seconds.
  path: Assets/2DSpaceshipsFreeTrial/Textures/2DSpaceshipsFreeTrialTopView/2DSpaceshipsFreeTrialAtlasTopViewGreen.png
  artifactKey: Guid(3e47ec619440c7441a65da8dfbb269f3) Importer(2089858483,192608db42251d675da83286b1cce702)
Start importing Assets/2DSpaceshipsFreeTrial/Textures/2DSpaceshipsFreeTrialTopView/2DSpaceshipsFreeTrialAtlasTopViewGreen.png using Guid(3e47ec619440c7441a65da8dfbb269f3) Importer(2089858483,192608db42251d675da83286b1cce702) (ScriptedImporter) -> (artifact id: '13729d709d5cd9d7aee2873a1fcb3739') in 0.0141015 seconds
Number of updated asset objects reloaded before import = 0Number of asset objects unloaded after import = 5

========================================================================
Received Import Request.
  Time since last request: 0.000014 seconds.
  path: Assets/Copyspright/Pixel Space Shooter - Free/Sprites/Spaceships/Humans/Humans_Color_01/humans_ship_02.png
  artifactKey: Guid(9d2d1266f7ada4acfb3e84f678c9ab4b) Importer(2089858483,192608db42251d675da83286b1cce702)
Start importing Assets/Copyspright/Pixel Space Shooter - Free/Sprites/Spaceships/Humans/Humans_Color_01/humans_ship_02.png using Guid(9d2d1266f7ada4acfb3e84f678c9ab4b) Importer(2089858483,192608db42251d675da83286b1cce702) (ScriptedImporter) -> (artifact id: '6310d6be7253ba2a5470372fa9d6fd3d') in 0.0129276 seconds
Number of updated asset objects reloaded before import = 0Number of asset objects unloaded after import = 3

========================================================================
Received Import Request.
  Time since last request: 0.000023 seconds.
  path: Assets/Copyspright/Pixel Space Shooter - Free/Sprites/Effects/rocket_explosion/rocket_explosion_01.png
  artifactKey: Guid(e198dcf11f1034ea8bd4a1f4b77d193c) Importer(2089858483,192608db42251d675da83286b1cce702)
Start importing Assets/Copyspright/Pixel Space Shooter - Free/Sprites/Effects/rocket_explosion/rocket_explosion_01.png using Guid(e198dcf11f1034ea8bd4a1f4b77d193c) Importer(2089858483,192608db42251d675da83286b1cce702) (ScriptedImporter) -> (artifact id: '88f29795c992efdde303476e597d2588') in 0.0111288 seconds
Number of updated asset objects reloaded before import = 0Number of asset objects unloaded after import = 3

========================================================================
Received Import Request.
  Time since last request: 0.000028 seconds.
  path: Assets/2DSpaceshipsFreeTrial/Prefabs/2DShipsStandardWeapons/SideView/Turrets/Right/2DShipsMediumTurretSideViewRight.prefab
  artifactKey: Guid(078010d0f9a479148bbac9092befcef6) Importer(2089858483,192608db42251d675da83286b1cce702)
Start importing Assets/2DSpaceshipsFreeTrial/Prefabs/2DShipsStandardWeapons/SideView/Turrets/Right/2DShipsMediumTurretSideViewRight.prefab using Guid(078010d0f9a479148bbac9092befcef6) Importer(2089858483,192608db42251d675da83286b1cce702) (ScriptedImporter) -> (artifact id: 'c6ef986b3fcf2d3f8f7a01e7cf8265c2') in 0.0113401 seconds
Number of updated asset objects reloaded before import = 0Number of asset objects unloaded after import = 11

========================================================================
Received Import Request.
  Time since last request: 0.000017 seconds.
  path: Assets/Copyspright/Pixel Space Shooter - Free/Prefabs/General/bullet_hit_01.prefab
  artifactKey: Guid(78bb6f8109dad477ba05d0df86823a78) Importer(2089858483,192608db42251d675da83286b1cce702)
Start importing Assets/Copyspright/Pixel Space Shooter - Free/Prefabs/General/bullet_hit_01.prefab using Guid(78bb6f8109dad477ba05d0df86823a78) Importer(2089858483,192608db42251d675da83286b1cce702) (ScriptedImporter) -> (artifact id: '396271a40168cf50a3a8a5758700653d') in 0.0168884 seconds
Number of updated asset objects reloaded before import = 0Number of asset objects unloaded after import = 12

========================================================================
Received Import Request.
  Time since last request: 0.000018 seconds.
  path: Assets/Stylized 2D Space Shooter - Free/Sprites/Small - No light/Ship_1_A_Small_NoLight.png
  artifactKey: Guid(b83a6cb7615139a409230cab96afc71a) Importer(2089858483,192608db42251d675da83286b1cce702)
Start importing Assets/Stylized 2D Space Shooter - Free/Sprites/Small - No light/Ship_1_A_Small_NoLight.png using Guid(b83a6cb7615139a409230cab96afc71a) Importer(2089858483,192608db42251d675da83286b1cce702) (ScriptedImporter) -> (artifact id: 'd4ebd7d667a8e0459b4d60937ad375c7') in 0.0093891 seconds
Number of updated asset objects reloaded before import = 0Number of asset objects unloaded after import = 3

========================================================================
Received Import Request.
  Time since last request: 0.000015 seconds.
  path: Assets/2DSpaceshipsFreeTrial/Prefabs/2DShipsStandardWeapons/TopView/Turrets/2DShipsTurretSmallTopView.prefab
  artifactKey: Guid(9f7a8621083918b42ba3bca8a2226449) Importer(2089858483,192608db42251d675da83286b1cce702)
Start importing Assets/2DSpaceshipsFreeTrial/Prefabs/2DShipsStandardWeapons/TopView/Turrets/2DShipsTurretSmallTopView.prefab using Guid(9f7a8621083918b42ba3bca8a2226449) Importer(2089858483,192608db42251d675da83286b1cce702) (ScriptedImporter) -> (artifact id: '8eb33af530111caef14e65dbccc2e2cc') in 0.0115796 seconds
Number of updated asset objects reloaded before import = 0Number of asset objects unloaded after import = 7

========================================================================
Received Import Request.
  Time since last request: 0.000017 seconds.
  path: Assets/Stylized 2D Space Shooter - Free/Sprites/Small - No light/Ship_2_A_Small_NoLight.png
  artifactKey: Guid(4974afe8aba8e6c4d88365788f419c25) Importer(2089858483,192608db42251d675da83286b1cce702)
Start importing Assets/Stylized 2D Space Shooter - Free/Sprites/Small - No light/Ship_2_A_Small_NoLight.png using Guid(4974afe8aba8e6c4d88365788f419c25) Importer(2089858483,192608db42251d675da83286b1cce702) (ScriptedImporter) -> (artifact id: '4f541c833964f1be90b0ea258a62f866') in 0.0099702 seconds
Number of updated asset objects reloaded before import = 0Number of asset objects unloaded after import = 3

========================================================================
Received Import Request.
  Time since last request: 0.000017 seconds.
  path: Assets/Copyspright/Pixel Space Shooter - Free/Sprites/Effects/rocket_explosion/rocket_explosion_09.png
  artifactKey: Guid(50fb2fb98b02f4f6b81580e9132a4cad) Importer(2089858483,192608db42251d675da83286b1cce702)
Start importing Assets/Copyspright/Pixel Space Shooter - Free/Sprites/Effects/rocket_explosion/rocket_explosion_09.png using Guid(50fb2fb98b02f4f6b81580e9132a4cad) Importer(2089858483,192608db42251d675da83286b1cce702) (ScriptedImporter) -> (artifact id: 'e142d0ec300b44c65900ddbf6f249033') in 0.0099282 seconds
Number of updated asset objects reloaded before import = 0Number of asset objects unloaded after import = 3

========================================================================
Received Import Request.
  Time since last request: 0.000025 seconds.
  path: Assets/Copyspright/Pixel Space Shooter - Free/Prefabs/General/bg_space.prefab
  artifactKey: Guid(d312ef58beaf6410f96e9ccffa53f451) Importer(2089858483,192608db42251d675da83286b1cce702)
Start importing Assets/Copyspright/Pixel Space Shooter - Free/Prefabs/General/bg_space.prefab using Guid(d312ef58beaf6410f96e9ccffa53f451) Importer(2089858483,192608db42251d675da83286b1cce702) (ScriptedImporter) -> (artifact id: '0c8e07125db047f9285d1cebcdac2ee6') in 0.0070729 seconds
Number of updated asset objects reloaded before import = 0Number of asset objects unloaded after import = 7

========================================================================
Received Import Request.
  Time since last request: 0.000029 seconds.
  path: Assets/Copyspright/Pixel Space Shooter - Free/Sprites/Effects/engine_particle.png
  artifactKey: Guid(2fd64ef7b15f040359e01f62bac2f4ab) Importer(2089858483,192608db42251d675da83286b1cce702)
Start importing Assets/Copyspright/Pixel Space Shooter - Free/Sprites/Effects/engine_particle.png using Guid(2fd64ef7b15f040359e01f62bac2f4ab) Importer(2089858483,192608db42251d675da83286b1cce702) (ScriptedImporter) -> (artifact id: 'd6c221b02987aeb03af4e96a50d9f08c') in 0.0127582 seconds
Number of updated asset objects reloaded before import = 0Number of asset objects unloaded after import = 3

========================================================================
Received Import Request.
  Time since last request: 0.000015 seconds.
  path: Assets/Copyspright/Pixel Space Shooter - Free/Sprites/Effects/rocket_explosion/rocket_explosion_05.png
  artifactKey: Guid(96cba13f2376d456b85d9a66d944b8e8) Importer(2089858483,192608db42251d675da83286b1cce702)
Start importing Assets/Copyspright/Pixel Space Shooter - Free/Sprites/Effects/rocket_explosion/rocket_explosion_05.png using Guid(96cba13f2376d456b85d9a66d944b8e8) Importer(2089858483,192608db42251d675da83286b1cce702) (ScriptedImporter) -> (artifact id: 'f43b1d1941e6f0999861fe719debec02') in 0.0112953 seconds
Number of updated asset objects reloaded before import = 0Number of asset objects unloaded after import = 3

========================================================================
Received Import Request.
  Time since last request: 0.000015 seconds.
  path: Assets/Stylized 2D Space Shooter - Free/Sprites/Medium - No light/Missile_A_Medium_NoLight.png
  artifactKey: Guid(43808eeee762cd74090d37c2c1c01d05) Importer(2089858483,192608db42251d675da83286b1cce702)
Start importing Assets/Stylized 2D Space Shooter - Free/Sprites/Medium - No light/Missile_A_Medium_NoLight.png using Guid(43808eeee762cd74090d37c2c1c01d05) Importer(2089858483,192608db42251d675da83286b1cce702) (ScriptedImporter) -> (artifact id: '8301fe79261066c49821eaebd5deac68') in 0.0107872 seconds
Number of updated asset objects reloaded before import = 0Number of asset objects unloaded after import = 3

========================================================================
Received Import Request.
  Time since last request: 0.000022 seconds.
  path: Assets/2DSpaceshipsFreeTrial/Prefabs/2DSpaceshipsFreeTrialSideViewScaleInRelation/2DScifiDestroyerPhoenixSideViewMasterPrefab.prefab
  artifactKey: Guid(fcde71776f863e54ab79dd59ea09fdb9) Importer(2089858483,192608db42251d675da83286b1cce702)
Start importing Assets/2DSpaceshipsFreeTrial/Prefabs/2DSpaceshipsFreeTrialSideViewScaleInRelation/2DScifiDestroyerPhoenixSideViewMasterPrefab.prefab using Guid(fcde71776f863e54ab79dd59ea09fdb9) Importer(2089858483,192608db42251d675da83286b1cce702) (ScriptedImporter) -> (artifact id: '81a25ba9d601c699dea20aa35124611c') in 0.0274721 seconds
Number of updated asset objects reloaded before import = 0Number of asset objects unloaded after import = 95

========================================================================
Received Import Request.
  Time since last request: 0.000026 seconds.
  path: Assets/Stylized 2D Space Shooter - Free/Sprites/Large/Enemy_4_D_Large.png
  artifactKey: Guid(97bb202e8bb99474bb55c7f220de4df0) Importer(2089858483,192608db42251d675da83286b1cce702)
Start importing Assets/Stylized 2D Space Shooter - Free/Sprites/Large/Enemy_4_D_Large.png using Guid(97bb202e8bb99474bb55c7f220de4df0) Importer(2089858483,192608db42251d675da83286b1cce702) (ScriptedImporter) -> (artifact id: 'd1fa5e370c2d45a02a7e54b21c5ca4c9') in 0.0151743 seconds
Number of updated asset objects reloaded before import = 0Number of asset objects unloaded after import = 3

========================================================================
Received Import Request.
  Time since last request: 0.000022 seconds.
  path: Assets/Stylized 2D Space Shooter - Free/Sprites/Medium - No light/Enemy_1_C_Medium_NoLight.png
  artifactKey: Guid(ac6b5187c4c1e3e4b98fd66b7080ea39) Importer(2089858483,192608db42251d675da83286b1cce702)
Start importing Assets/Stylized 2D Space Shooter - Free/Sprites/Medium - No light/Enemy_1_C_Medium_NoLight.png using Guid(ac6b5187c4c1e3e4b98fd66b7080ea39) Importer(2089858483,192608db42251d675da83286b1cce702) (ScriptedImporter) -> (artifact id: '4f86b2a06c8599c41101c1be3ee8564f') in 0.0138807 seconds
Number of updated asset objects reloaded before import = 0Number of asset objects unloaded after import = 3

========================================================================
Received Import Request.
  Time since last request: 0.000030 seconds.
  path: Assets/Scripts/FighterAttack/BulletAttack.cs
  artifactKey: Guid(e5bf940df8ca84e4fb41949411c179bc) Importer(2089858483,192608db42251d675da83286b1cce702)
Start importing Assets/Scripts/FighterAttack/BulletAttack.cs using Guid(e5bf940df8ca84e4fb41949411c179bc) Importer(2089858483,192608db42251d675da83286b1cce702) (ScriptedImporter) -> (artifact id: '070893781b1c73547a5a2464c46f2937') in 0.0039558 seconds
Number of updated asset objects reloaded before import = 0Number of asset objects unloaded after import = 0

========================================================================
Received Import Request.
  Time since last request: 0.000016 seconds.
  path: Assets/DefaultVolumeProfile.asset
  artifactKey: Guid(3f9215ea0144899419cfbc0957140d3f) Importer(2089858483,192608db42251d675da83286b1cce702)
Start importing Assets/DefaultVolumeProfile.asset using Guid(3f9215ea0144899419cfbc0957140d3f) Importer(2089858483,192608db42251d675da83286b1cce702) (ScriptedImporter) -> (artifact id: '18230cb1b90f222eea3617a33e29015a') in 0.0051799 seconds
Number of updated asset objects reloaded before import = 0Number of asset objects unloaded after import = 0

========================================================================
Received Import Request.
  Time since last request: 0.000019 seconds.
  path: Assets/Stylized 2D Space Shooter - Free/Sprites/Small/Missile_A_Small.png
  artifactKey: Guid(a4430182bbbdc2c4ebbe90be7c643d21) Importer(2089858483,192608db42251d675da83286b1cce702)
Start importing Assets/Stylized 2D Space Shooter - Free/Sprites/Small/Missile_A_Small.png using Guid(a4430182bbbdc2c4ebbe90be7c643d21) Importer(2089858483,192608db42251d675da83286b1cce702) (ScriptedImporter) -> (artifact id: '176ca578b7729705cab536ea96e63a33') in 0.0105684 seconds
Number of updated asset objects reloaded before import = 0Number of asset objects unloaded after import = 3

========================================================================
Received Import Request.
  Time since last request: 0.000020 seconds.
  path: Assets/2DSpaceshipsFreeTrial/Textures/2DSpaceshipsFreeTrialSideView/2DSpaceshipsFreeTrialAtlasSideViewWhite.png
  artifactKey: Guid(308eb6c6c86e90a449a13570255dc56d) Importer(2089858483,192608db42251d675da83286b1cce702)
Start importing Assets/2DSpaceshipsFreeTrial/Textures/2DSpaceshipsFreeTrialSideView/2DSpaceshipsFreeTrialAtlasSideViewWhite.png using Guid(308eb6c6c86e90a449a13570255dc56d) Importer(2089858483,192608db42251d675da83286b1cce702) (ScriptedImporter) -> (artifact id: '98bc0184e8625db22138298fecad3fc9') in 0.0145478 seconds
Number of updated asset objects reloaded before import = 0Number of asset objects unloaded after import = 5

========================================================================
Received Import Request.
  Time since last request: 0.000019 seconds.
  path: Assets/Stylized 2D Space Shooter - Free/Sprites/Small - No light/Enemy_3_A_Small_NoLight.png
  artifactKey: Guid(e41d12f956031d24884e1032ec427a86) Importer(2089858483,192608db42251d675da83286b1cce702)
Start importing Assets/Stylized 2D Space Shooter - Free/Sprites/Small - No light/Enemy_3_A_Small_NoLight.png using Guid(e41d12f956031d24884e1032ec427a86) Importer(2089858483,192608db42251d675da83286b1cce702) (ScriptedImporter) -> (artifact id: '160f2e89f5b6f9fdec4fc9bc814e4015') in 0.0145536 seconds
Number of updated asset objects reloaded before import = 0Number of asset objects unloaded after import = 3

========================================================================
Received Import Request.
  Time since last request: 0.000013 seconds.
  path: Assets/Stylized 2D Space Shooter - Free/Sprites/Large/Enemy_1_B_Large.png
  artifactKey: Guid(e523a6da6e5ae224ba818a6c57853189) Importer(2089858483,192608db42251d675da83286b1cce702)
Start importing Assets/Stylized 2D Space Shooter - Free/Sprites/Large/Enemy_1_B_Large.png using Guid(e523a6da6e5ae224ba818a6c57853189) Importer(2089858483,192608db42251d675da83286b1cce702) (ScriptedImporter) -> (artifact id: '25e00a8d9249f84b6d75643d06764e01') in 0.0125693 seconds
Number of updated asset objects reloaded before import = 0Number of asset objects unloaded after import = 3

========================================================================
Received Import Request.
  Time since last request: 0.000019 seconds.
  path: Assets/Copyspright/Pixel Space Shooter - Free/Animations/Bullet_Hit.anim
  artifactKey: Guid(1178a07ac22c6474894a948dcaef5df7) Importer(2089858483,192608db42251d675da83286b1cce702)
Start importing Assets/Copyspright/Pixel Space Shooter - Free/Animations/Bullet_Hit.anim using Guid(1178a07ac22c6474894a948dcaef5df7) Importer(2089858483,192608db42251d675da83286b1cce702) (ScriptedImporter) -> (artifact id: '29682d164547749c3ae7dde92914270b') in 0.0059547 seconds
Number of updated asset objects reloaded before import = 0Number of asset objects unloaded after import = 1

========================================================================
Received Import Request.
  Time since last request: 0.000030 seconds.
  path: Assets/Scripts/BackGround/SetBackGrounds.cs
  artifactKey: Guid(9d81b99bfbe9a2e42b18db79637d941e) Importer(2089858483,192608db42251d675da83286b1cce702)
Start importing Assets/Scripts/BackGround/SetBackGrounds.cs using Guid(9d81b99bfbe9a2e42b18db79637d941e) Importer(2089858483,192608db42251d675da83286b1cce702) (ScriptedImporter) -> (artifact id: 'c96e87841db161342835c74d9c397bb5') in 0.0041991 seconds
Number of updated asset objects reloaded before import = 0Number of asset objects unloaded after import = 0

Editor requested this worker to shutdown with reason: Scaling down because of idle timeout
AssetImportWorker is now disconnected from the server
Process exiting
Exiting without the bug reporter. Application will terminate with return code 0